Component: ARM Compiler 5.06 update 6 (build 750) Tool: armlink [4d35ed]

==============================================================================

Section Cross References

    startup_stm32f429xx.o(RESET) refers to startup_stm32f429xx.o(STACK) for __initial_sp
    startup_stm32f429xx.o(RESET) refers to startup_stm32f429xx.o(.text) for Reset_Handler
    startup_stm32f429xx.o(RESET) refers to stm32f4xx_it.o(i.NMI_Handler) for NMI_Handler
    startup_stm32f429xx.o(RESET) refers to context_rvds.o(.text) for HardFault_Handler
    startup_stm32f429xx.o(RESET) refers to stm32f4xx_it.o(i.MemManage_Handler) for MemManage_Handler
    startup_stm32f429xx.o(RESET) refers to stm32f4xx_it.o(i.BusFault_Handler) for BusFault_Handler
    startup_stm32f429xx.o(RESET) refers to stm32f4xx_it.o(i.UsageFault_Handler) for UsageFault_Handler
    startup_stm32f429xx.o(RESET) refers to stm32f4xx_it.o(i.SVC_Handler) for SVC_Handler
    startup_stm32f429xx.o(RESET) refers to stm32f4xx_it.o(i.DebugMon_Handler) for DebugMon_Handler
    startup_stm32f429xx.o(RESET) refers to board.o(i.SysTick_Handler) for SysTick_Handler
    startup_stm32f429xx.o(RESET) refers to bsp_uart.o(i.USART1_IRQHandler) for USART1_IRQHandler
    startup_stm32f429xx.o(RESET) refers to bsp_uart.o(i.USART2_IRQHandler) for USART2_IRQHandler
    startup_stm32f429xx.o(RESET) refers to bsp_tim.o(i.TIM6_DAC_IRQHandler) for TIM6_DAC_IRQHandler
    startup_stm32f429xx.o(.text) refers to system_stm32f4xx.o(i.SystemInit) for SystemInit
    startup_stm32f429xx.o(.text) refers to entry.o(.ARM.Collect$$$$00000000) for __main
    main.o(i.led1_thread_entry) refers to bsp_gpio.o(i.toggle_pin) for toggle_pin
    main.o(i.led1_thread_entry) refers to thread.o(i.rt_thread_delay) for rt_thread_delay
    main.o(i.main) refers to thread.o(i.rt_thread_create) for rt_thread_create
    main.o(i.main) refers to thread.o(i.rt_thread_startup) for rt_thread_startup
    main.o(i.main) refers to main.o(i.led1_thread_entry) for led1_thread_entry
    main.o(i.main) refers to main.o(.data) for led1_thread
    stm32f4xx_hal_msp.o(i.HAL_MspInit) refers to stm32f4xx_hal_cortex.o(i.HAL_NVIC_SetPriorityGrouping) for HAL_NVIC_SetPriorityGrouping
    stm32f4xx_hal_msp.o(i.HAL_MspInit) refers to stm32f4xx_hal_cortex.o(i.HAL_NVIC_SetPriority) for HAL_NVIC_SetPriority
    stm32f4xx_hal_tim.o(i.HAL_TIM_Base_DeInit) refers to stm32f4xx_hal_tim.o(i.HAL_TIM_Base_MspDeInit) for HAL_TIM_Base_MspDeInit
    stm32f4xx_hal_tim.o(i.HAL_TIM_Base_Init) refers to stm32f4xx_hal_tim.o(i.HAL_TIM_Base_MspInit) for HAL_TIM_Base_MspInit
    stm32f4xx_hal_tim.o(i.HAL_TIM_Base_Init) refers to stm32f4xx_hal_tim.o(i.TIM_Base_SetConfig) for TIM_Base_SetConfig
    stm32f4xx_hal_tim.o(i.HAL_TIM_Base_Start_DMA) refers to stm32f4xx_hal_dma.o(i.HAL_DMA_Start_IT) for HAL_DMA_Start_IT
    stm32f4xx_hal_tim.o(i.HAL_TIM_Base_Start_DMA) refers to stm32f4xx_hal_tim.o(i.TIM_DMAPeriodElapsedCplt) for TIM_DMAPeriodElapsedCplt
    stm32f4xx_hal_tim.o(i.HAL_TIM_Base_Start_DMA) refers to stm32f4xx_hal_tim.o(i.TIM_DMAError) for TIM_DMAError
    stm32f4xx_hal_tim.o(i.HAL_TIM_ConfigClockSource) refers to stm32f4xx_hal_tim.o(i.TIM_ETR_SetConfig) for TIM_ETR_SetConfig
    stm32f4xx_hal_tim.o(i.HAL_TIM_ConfigClockSource) refers to stm32f4xx_hal_tim.o(i.TIM_TI1_ConfigInputStage) for TIM_TI1_ConfigInputStage
    stm32f4xx_hal_tim.o(i.HAL_TIM_ConfigClockSource) refers to stm32f4xx_hal_tim.o(i.TIM_ITRx_SetConfig) for TIM_ITRx_SetConfig
    stm32f4xx_hal_tim.o(i.HAL_TIM_ConfigClockSource) refers to stm32f4xx_hal_tim.o(i.TIM_TI2_ConfigInputStage) for TIM_TI2_ConfigInputStage
    stm32f4xx_hal_tim.o(i.HAL_TIM_ConfigOCrefClear) refers to stm32f4xx_hal_tim.o(i.TIM_ETR_SetConfig) for TIM_ETR_SetConfig
    stm32f4xx_hal_tim.o(i.HAL_TIM_DMABurst_ReadStart) refers to stm32f4xx_hal_dma.o(i.HAL_DMA_Start_IT) for HAL_DMA_Start_IT
    stm32f4xx_hal_tim.o(i.HAL_TIM_DMABurst_ReadStart) refers to stm32f4xx_hal_tim.o(i.TIM_DMAPeriodElapsedCplt) for TIM_DMAPeriodElapsedCplt
    stm32f4xx_hal_tim.o(i.HAL_TIM_DMABurst_ReadStart) refers to stm32f4xx_hal_tim.o(i.TIM_DMAError) for TIM_DMAError
    stm32f4xx_hal_tim.o(i.HAL_TIM_DMABurst_ReadStart) refers to stm32f4xx_hal_tim.o(i.TIM_DMACaptureCplt) for TIM_DMACaptureCplt
    stm32f4xx_hal_tim.o(i.HAL_TIM_DMABurst_ReadStart) refers to stm32f4xx_hal_tim_ex.o(i.TIMEx_DMACommutationCplt) for TIMEx_DMACommutationCplt
    stm32f4xx_hal_tim.o(i.HAL_TIM_DMABurst_ReadStart) refers to stm32f4xx_hal_tim.o(i.TIM_DMATriggerCplt) for TIM_DMATriggerCplt
    stm32f4xx_hal_tim.o(i.HAL_TIM_DMABurst_ReadStop) refers to stm32f4xx_hal_dma.o(i.HAL_DMA_Abort) for HAL_DMA_Abort
    stm32f4xx_hal_tim.o(i.HAL_TIM_DMABurst_WriteStart) refers to stm32f4xx_hal_dma.o(i.HAL_DMA_Start_IT) for HAL_DMA_Start_IT
    stm32f4xx_hal_tim.o(i.HAL_TIM_DMABurst_WriteStart) refers to stm32f4xx_hal_tim.o(i.TIM_DMAPeriodElapsedCplt) for TIM_DMAPeriodElapsedCplt
[...]
    __FUNCTION__                             0x08005fc1   Data          18  thread.o(.constdata)
    __FUNCTION__                             0x08005fd3   Data          17  thread.o(.constdata)
    __FUNCTION__                             0x08005fe4   Data          18  thread.o(.constdata)
    __FUNCTION__                             0x08005ff6   Data          15  thread.o(.constdata)
    .constdata                               0x08006005   Section       92  timer.o(.constdata)
    __FUNCTION__                             0x08006005   Data          14  timer.o(.constdata)
    __FUNCTION__                             0x08006013   Data          16  timer.o(.constdata)
    __FUNCTION__                             0x08006023   Data          16  timer.o(.constdata)
    __FUNCTION__                             0x08006033   Data          15  timer.o(.constdata)
    __FUNCTION__                             0x08006042   Data          14  timer.o(.constdata)
    __FUNCTION__                             0x08006050   Data          17  timer.o(.constdata)
    .conststring                             0x08006064   Section       68  cmd.o(.conststring)
    .conststring                             0x080060a8   Section      237  mem.o(.conststring)
    .rodata.name                             0x08006195   Section      655  cmd.o(.rodata.name)
    __tagsym$$used                           0x08006195   Number         0  cmd.o(.rodata.name)
    __tagsym$$used                           0x0800619b   Number         0  cmd.o(.rodata.name)
    __tagsym$$used                           0x080061ab   Number         0  cmd.o(.rodata.name)
    __tagsym$$used                           0x080061b3   Number         0  cmd.o(.rodata.name)
    __tagsym$$used                           0x080061d6   Number         0  cmd.o(.rodata.name)
    __tagsym$$used                           0x080061e4   Number         0  cmd.o(.rodata.name)
    __tagsym$$used                           0x08006207   Number         0  cmd.o(.rodata.name)
    __tagsym$$used                           0x08006213   Number         0  cmd.o(.rodata.name)
    __tagsym$$used                           0x0800621f   Number         0  cmd.o(.rodata.name)
    __tagsym$$used                           0x08006231   Number         0  cmd.o(.rodata.name)
    __tagsym$$used                           0x0800623d   Number         0  cmd.o(.rodata.name)
    __tagsym$$used                           0x08006246   Number         0  cmd.o(.rodata.name)
    __tagsym$$used                           0x0800625f   Number         0  cmd.o(.rodata.name)
    __tagsym$$used                           0x0800626e   Number         0  cmd.o(.rodata.name)
    __tagsym$$used                           0x08006287   Number         0  cmd.o(.rodata.name)
    __tagsym$$used                           0x08006292   Number         0  cmd.o(.rodata.name)
    __tagsym$$used                           0x080062a7   Number         0  cmd.o(.rodata.name)
    __tagsym$$used                           0x080062b8   Number         0  cmd.o(.rodata.name)
    __tagsym$$used                           0x080062cd   Number         0  cmd.o(.rodata.name)
    __tagsym$$used                           0x080062d8   Number         0  cmd.o(.rodata.name)
    __tagsym$$used                           0x080062ed   Number         0  cmd.o(.rodata.name)
    __tagsym$$used                           0x080062fe   Number         0  cmd.o(.rodata.name)
    __tagsym$$used                           0x08006313   Number         0  cmd.o(.rodata.name)
    __tagsym$$used                           0x08006320   Number         0  cmd.o(.rodata.name)
    __tagsym$$used                           0x08006338   Number         0  cmd.o(.rodata.name)
    __tagsym$$used                           0x0800634b   Number         0  cmd.o(.rodata.name)
    __tagsym$$used                           0x08006363   Number         0  cmd.o(.rodata.name)
    __tagsym$$used                           0x08006371   Number         0  cmd.o(.rodata.name)
    __tagsym$$used                           0x0800638e   Number         0  cmd.o(.rodata.name)
    __tagsym$$used                           0x080063a2   Number         0  cmd.o(.rodata.name)
    __tagsym$$used                           0x080063bf   Number         0  cmd.o(.rodata.name)
    __tagsym$$used                           0x080063ca   Number         0  cmd.o(.rodata.name)
    __tagsym$$used                           0x080063df   Number         0  cmd.o(.rodata.name)
    __tagsym$$used                           0x080063f0   Number         0  cmd.o(.rodata.name)
    __tagsym$$used                           0x08006405   Number         0  cmd.o(.rodata.name)
    __tagsym$$used                           0x0800640a   Number         0  cmd.o(.rodata.name)
    .rodata.name                             0x08006424   Section       33  msh.o(.rodata.name)
    __tagsym$$used                           0x08006424   Number         0  msh.o(.rodata.name)
    __tagsym$$used                           0x0800642f   Number         0  msh.o(.rodata.name)
    .rodata.name                             0x08006445   Section       39  mem.o(.rodata.name)
    __tagsym$$used                           0x08006445   Number         0  mem.o(.rodata.name)
    __tagsym$$used                           0x0800644e   Number         0  mem.o(.rodata.name)
    .rti_fn.0                                0x0800646c   Section        8  components.o(.rti_fn.0)
    __tagsym$$used                           0x0800646c   Number         0  components.o(.rti_fn.0)
    .rti_fn.0.end                            0x08006474   Section        8  components.o(.rti_fn.0.end)
    __tagsym$$used                           0x08006474   Number         0  components.o(.rti_fn.0.end)
    .rti_fn.1.end                            0x0800647c   Section        8  components.o(.rti_fn.1.end)
    __tagsym$$used                           0x0800647c   Number         0  components.o(.rti_fn.1.end)
    .rti_fn.6                                0x08006484   Section        8  shell.o(.rti_fn.6)
    __tagsym$$used                           0x08006484   Number         0  shell.o(.rti_fn.6)
    .rti_fn.6.end                            0x0800648c   Section        8  components.o(.rti_fn.6.end)
    __tagsym$$used                           0x0800648c   Number         0  components.o(.rti_fn.6.end)
    FSymTab                                  0x08006494   Section      216  cmd.o(FSymTab)
    __tagsym$$used                           0x08006494   Number         0  cmd.o(FSymTab)
    __tagsym$$used                           0x080064a0   Number         0  cmd.o(FSymTab)
    __tagsym$$used                           0x080064ac   Number         0  cmd.o(FSymTab)
    __tagsym$$used                           0x080064b8   Number         0  cmd.o(FSymTab)
    __tagsym$$used                           0x080064c4   Number         0  cmd.o(FSymTab)
    __tagsym$$used                           0x080064d0   Number         0  cmd.o(FSymTab)
    __tagsym$$used                           0x080064dc   Number         0  cmd.o(FSymTab)
    __tagsym$$used                           0x080064e8   Number         0  cmd.o(FSymTab)
    __tagsym$$used                           0x080064f4   Number         0  cmd.o(FSymTab)
    __tagsym$$used                           0x08006500   Number         0  cmd.o(FSymTab)
    __tagsym$$used                           0x0800650c   Number         0  cmd.o(FSymTab)
    __tagsym$$used                           0x08006518   Number         0  cmd.o(FSymTab)
    __tagsym$$used                           0x08006524   Number         0  cmd.o(FSymTab)
    __tagsym$$used                           0x08006530   Number         0  cmd.o(FSymTab)
    __tagsym$$used                           0x0800653c   Number         0  cmd.o(FSymTab)
    __tagsym$$used                           0x08006548   Number         0  cmd.o(FSymTab)
    __tagsym$$used                           0x08006554   Number         0  cmd.o(FSymTab)
    __tagsym$$used                           0x08006560   Number         0  cmd.o(FSymTab)
    FSymTab                                  0x0800656c   Section       12  msh.o(FSymTab)
    __tagsym$$used                           0x0800656c   Number         0  msh.o(FSymTab)
    FSymTab                                  0x08006578   Section       12  mem.o(FSymTab)
    __tagsym$$used                           0x08006578   Number         0  mem.o(FSymTab)
    .data                                    0x20000000   Section        4  main.o(.data)
    led1_thread                              0x20000000   Data           4  main.o(.data)
    .data                                    0x20000004   Section        9  stm32f4xx_hal.o(.data)
    .data                                    0x20000010   Section        4  system_stm32f4xx.o(.data)
    .data                                    0x20000014   Section       14  bsp_timer.o(.data)
    enablesystickisr                         0x20000018   Data           1  bsp_timer.o(.data)
    delaycnt                                 0x2000001c   Data           4  bsp_timer.o(.data)
    timeoutflag                              0x20000020   Data           1  bsp_timer.o(.data)
    s_count                                  0x20000021   Data           1  bsp_timer.o(.data)
    .data                                    0x20000024   Section       24  shell.o(.data)
    finsh_prompt_custom                      0x20000038   Data           4  shell.o(.data)
    .data                                    0x2000003c   Section        4  clock.o(.data)
    rt_tick                                  0x2000003c   Data           4  clock.o(.data)
    .data                                    0x20000040   Section        4  idle.o(.data)
    rt_thread_idle_hook                      0x20000040   Data           4  idle.o(.data)
    .data                                    0x20000044   Section        1  irq.o(.data)
    .data                                    0x20000048   Section        8  kservice.o(.data)
    __rt_errno                               0x20000048   Data           4  kservice.o(.data)
    .data                                    0x20000050   Section       24  mem.o(.data)
    heap_ptr                                 0x20000050   Data           4  mem.o(.data)
    heap_end                                 0x20000054   Data           4  mem.o(.data)
    lfree                                    0x20000058   Data           4  mem.o(.data)
    mem_size_aligned                         0x2000005c   Data           4  mem.o(.data)
    used_mem                                 0x20000060   Data           4  mem.o(.data)
    max_mem                                  0x20000064   Data           4  mem.o(.data)
    .data                                    0x20000068   Section      112  object.o(.data)
    rt_object_container                      0x20000068   Data         112  object.o(.data)
    .data                                    0x200000d8   Section       24  scheduler.o(.data)
    rt_scheduler_lock_nest                   0x200000d8   Data           2  scheduler.o(.data)
    .data                                    0x200000f0   Section       12  timer.o(.data)
    rt_timer_list                            0x200000f0   Data           8  timer.o(.data)
    random_nr                                0x200000f8   Data           4  timer.o(.data)
    .data                                    0x200000fc   Section       16  cpuport.o(.data)
    rt_exception_hook                        0x20000108   Data           4  cpuport.o(.data)
    .data                                    0x2000010c   Section        4  stdin.o(.data)
    .data                                    0x20000110   Section        4  stdout.o(.data)
    .bss                                     0x20000114   Section       77  bsp_key.o(.bss)
    s_tbtn                                   0x20000114   Data          64  bsp_key.o(.bss)
    s_tkey                                   0x20000154   Data          13  bsp_key.o(.bss)
    .bss                                     0x20000164   Section       48  bsp_timer.o(.bss)
    s_tmr                                    0x20000164   Data          48  bsp_timer.o(.bss)
    .bss                                     0x20000194   Section     4192  bsp_uart.o(.bss)
    g_tUart1                                 0x20000194   Data          48  bsp_uart.o(.bss)
    g_TxBuf1                                 0x200001c4   Data        1024  bsp_uart.o(.bss)
    g_RxBuf1                                 0x200005c4   Data        1024  bsp_uart.o(.bss)
    g_tUart2                                 0x200009c4   Data          48  bsp_uart.o(.bss)
    g_TxBuf2                                 0x200009f4   Data        1024  bsp_uart.o(.bss)
    g_RxBuf2                                 0x20000df4   Data        1024  bsp_uart.o(.bss)
    .bss                                     0x200011f4   Section    16384  board.o(.bss)
    rt_heap                                  0x200011f4   Data       16384  board.o(.bss)
    .bss                                     0x200051f4   Section      129  shell.o(.bss)
    finsh_prompt                             0x200051f4   Data         129  shell.o(.bss)
    .bss                                     0x20005278   Section      392  idle.o(.bss)
    idle                                     0x20005278   Data         136  idle.o(.bss)
    rt_thread_stack                          0x20005300   Data         256  idle.o(.bss)
    .bss                                     0x20005400   Section      128  kservice.o(.bss)
    rt_log_buf                               0x20005400   Data         128  kservice.o(.bss)
    .bss                                     0x20005480   Section       36  mem.o(.bss)
    heap_sem                                 0x20005480   Data          36  mem.o(.bss)
    .bss                                     0x200054a4   Section      256  scheduler.o(.bss)
    STACK                                    0x200055a8   Section     1024  startup_stm32f429xx.o(STACK)

    Global Symbols

    Symbol Name                              Value     Ov Type        Size  Object(Section)

    BuildAttributes$$THM_ISAv4$E$P$D$K$B$S$7EM$VFPi3$EXTD16$VFPS$VFMA$PE$A:L22UL41UL21$X:L11$S22US41US21$IEEE1$IW$USESV6$~STKCKD$USESV7$~SHL$OSPACE$ROPI$EBA8$MICROLIB$REQ8$PRES8$EABIv2 0x00000000   Number         0  anon$$obj.o ABSOLUTE
    __ARM_use_no_argv                        0x00000000   Number         0  main.o ABSOLUTE
    _printf_a                                0x00000000   Number         0  stubs.o ABSOLUTE
    _printf_c                                0x00000000   Number         0  stubs.o ABSOLUTE
    _printf_charcount                        0x00000000   Number         0  stubs.o ABSOLUTE
    _printf_d                                0x00000000   Number         0  stubs.o ABSOLUTE
    _printf_e                                0x00000000   Number         0  stubs.o ABSOLUTE
    _printf_f                                0x00000000   Number         0  stubs.o ABSOLUTE
    _printf_flags                            0x00000000   Number         0  stubs.o ABSOLUTE
    _printf_fp_dec                           0x00000000   Number         0  stubs.o ABSOLUTE
    _printf_fp_hex                           0x00000000   Number         0  stubs.o ABSOLUTE
    _printf_g                                0x00000000   Number         0  stubs.o ABSOLUTE
    _printf_i                                0x00000000   Number         0  stubs.o ABSOLUTE
    _printf_int_dec                          0x00000000   Number         0  stubs.o ABSOLUTE
    _printf_l                                0x00000000   Number         0  stubs.o ABSOLUTE
    _printf_lc                               0x00000000   Number         0  stubs.o ABSOLUTE
    _printf_ll                               0x00000000   Number         0  stubs.o ABSOLUTE
    _printf_lld                              0x00000000   Number         0  stubs.o ABSOLUTE
    _printf_lli                              0x00000000   Number         0  stubs.o ABSOLUTE
    _printf_llo                              0x00000000   Number         0  stubs.o ABSOLUTE
    _printf_llu                              0x00000000   Number         0  stubs.o ABSOLUTE
    _printf_llx                              0x00000000   Number         0  stubs.o ABSOLUTE
    _printf_longlong_dec                     0x00000000   Number         0  stubs.o ABSOLUTE
    _printf_longlong_hex                     0x00000000   Number         0  stubs.o ABSOLUTE
    _printf_longlong_oct                     0x00000000   Number         0  stubs.o ABSOLUTE
    _printf_ls                               0x00000000   Number         0  stubs.o ABSOLUTE
    _printf_mbtowc                           0x00000000   Number         0  stubs.o ABSOLUTE
    _printf_n                                0x00000000   Number         0  stubs.o ABSOLUTE
    _printf_o                                0x00000000   Number         0  stubs.o ABSOLUTE
    _printf_p                                0x00000000   Number         0  stubs.o ABSOLUTE
    _printf_percent                          0x00000000   Number         0  stubs.o ABSOLUTE
    _printf_pre_padding                      0x00000000   Number         0  stubs.o ABSOLUTE
    _printf_return_value                     0x00000000   Number         0  stubs.o ABSOLUTE
    _printf_s                                0x00000000   Number         0  stubs.o ABSOLUTE
    _printf_sizespec                         0x00000000   Number         0  stubs.o ABSOLUTE
    _printf_str                              0x00000000   Number         0  stubs.o ABSOLUTE
    _printf_truncate_signed                  0x00000000   Number         0  stubs.o ABSOLUTE
    _printf_truncate_unsigned                0x00000000   Number         0  stubs.o ABSOLUTE
    _printf_u                                0x00000000   Number         0  stubs.o ABSOLUTE
    _printf_wc                               0x00000000   Number         0  stubs.o ABSOLUTE
    _printf_wctomb                           0x00000000   Number         0  stubs.o ABSOLUTE
    _printf_widthprec                        0x00000000   Number         0  stubs.o ABSOLUTE
    _printf_x                                0x00000000   Number         0  stubs.o ABSOLUTE
    __cpp_initialize__aeabi_                  - Undefined Weak Reference
    __cxa_finalize                            - Undefined Weak Reference
    __decompress                              - Undefined Weak Reference
    _clock_init                               - Undefined Weak Reference
    _microlib_exit                            - Undefined Weak Reference
    __Vectors_Size                           0x000001ac   Number         0  startup_stm32f429xx.o ABSOLUTE
    __Vectors                                0x08000000   Data           4  startup_stm32f429xx.o(RESET)
    __Vectors_End                            0x080001ac   Data           0  startup_stm32f429xx.o(RESET)
    __main                                   0x080001ad   Thumb Code     0  entry.o(.ARM.Collect$$$$00000000)
    _main_stk                                0x080001ad   Thumb Code     0  entry2.o(.ARM.Collect$$$$00000001)
    _main_scatterload                        0x080001b1   Thumb Code     0  entry5.o(.ARM.Collect$$$$00000004)
    __main_after_scatterload                 0x080001b5   Thumb Code     0  entry5.o(.ARM.Collect$$$$00000004)
    _main_clock                              0x080001b5   Thumb Code     0  entry7b.o(.ARM.Collect$$$$00000008)
    _main_cpp_init                           0x080001b5   Thumb Code     0  entry8b.o(.ARM.Collect$$$$0000000A)
    _main_init                               0x080001b5   Thumb Code     0  entry9a.o(.ARM.Collect$$$$0000000B)
    __rt_final_cpp                           0x080001bd   Thumb Code     0  entry10a.o(.ARM.Collect$$$$0000000D)
    __rt_final_exit                          0x080001bd   Thumb Code     0  entry11a.o(.ARM.Collect$$$$0000000F)
    Reset_Handler                            0x080001c1   Thumb Code     8  startup_stm32f429xx.o(.text)
    ADC_IRQHandler                           0x080001db   Thumb Code     0  startup_stm32f429xx.o(.text)
    CAN1_RX0_IRQHandler                      0x080001db   Thumb Code     0  startup_stm32f429xx.o(.text)
    CAN1_RX1_IRQHandler                      0x080001db   Thumb Code     0  startup_stm32f429xx.o(.text)
    CAN1_SCE_IRQHandler                      0x080001db   Thumb Code     0  startup_stm32f429xx.o(.text)
    CAN1_TX_IRQHandler                       0x080001db   Thumb Code     0  startup_stm32f429xx.o(.text)
    CAN2_RX0_IRQHandler                      0x080001db   Thumb Code     0  startup_stm32f429xx.o(.text)
    CAN2_RX1_IRQHandler                      0x080001db   Thumb Code     0  startup_stm32f429xx.o(.text)
    CAN2_SCE_IRQHandler                      0x080001db   Thumb Code     0  startup_stm32f429xx.o(.text)
    CAN2_TX_IRQHandler                       0x080001db   Thumb Code     0  startup_stm32f429xx.o(.text)
    DCMI_IRQHandler                          0x080001db   Thumb Code     0  startup_stm32f429xx.o(.text)
    DMA1_Stream0_IRQHandler                  0x080001db   Thumb Code     0  startup_stm32f429xx.o(.text)
    DMA1_Stream1_IRQHandler                  0x080001db   Thumb Code     0  startup_stm32f429xx.o(.text)
    DMA1_Stream2_IRQHandler                  0x080001db   Thumb Code     0  startup_stm32f429xx.o(.text)
    DMA1_Stream3_IRQHandler                  0x080001db   Thumb Code     0  startup_stm32f429xx.o(.text)
    DMA1_Stream4_IRQHandler                  0x080001db   Thumb Code     0  startup_stm32f429xx.o(.text)
    DMA1_Stream5_IRQHandler                  0x080001db   Thumb Code     0  startup_stm32f429xx.o(.text)
    DMA1_Stream6_IRQHandler                  0x080001db   Thumb Code     0  startup_stm32f429xx.o(.text)
    DMA1_Stream7_IRQHandler                  0x080001db   Thumb Code     0  startup_stm32f429xx.o(.text)
    DMA2D_IRQHandler                         0x080001db   Thumb Code     0  startup_stm32f429xx.o(.text)
    DMA2_Stream0_IRQHandler                  0x080001db   Thumb Code     0  startup_stm32f429xx.o(.text)
    DMA2_Stream1_IRQHandler                  0x080001db   Thumb Code     0  startup_stm32f429xx.o(.text)
    DMA2_Stream2_IRQHandler                  0x080001db   Thumb Code     0  startup_stm32f429xx.o(.text)
    DMA2_Stream3_IRQHandler                  0x080001db   Thumb Code     0  startup_stm32f429xx.o(.text)
    DMA2_Stream4_IRQHandler                  0x080001db   Thumb Code     0  startup_stm32f429xx.o(.text)
    DMA2_Stream5_IRQHandler                  0x080001db   Thumb Code     0  startup_stm32f429xx.o(.text)
    DMA2_Stream6_IRQHandler                  0x080001db   Thumb Code     0  startup_stm32f429xx.o(.text)
    DMA2_Stream7_IRQHandler                  0x080001db   Thumb Code     0  startup_stm32f429xx.o(.text)
    ETH_IRQHandler                           0x080001db   Thumb Code     0  startup_stm32f429xx.o(.text)
    ETH_WKUP_IRQHandler                      0x080001db   Thumb Code     0  startup_stm32f429xx.o(.text)
    EXTI0_IRQHandler                         0x080001db   Thumb Code     0  startup_stm32f429xx.o(.text)
    EXTI15_10_IRQHandler                     0x080001db   Thumb Code     0  startup_stm32f429xx.o(.text)
    EXTI1_IRQHandler                         0x080001db   Thumb Code     0  startup_stm32f429xx.o(.text)
    EXTI2_IRQHandler                         0x080001db   Thumb Code     0  startup_stm32f429xx.o(.text)
    EXTI3_IRQHandler                         0x080001db   Thumb Code     0  startup_stm32f429xx.o(.text)
    EXTI4_IRQHandler                         0x080001db   Thumb Code     0  startup_stm32f429xx.o(.text)
    EXTI9_5_IRQHandler                       0x080001db   Thumb Code     0  startup_stm32f429xx.o(.text)
    FLASH_IRQHandler                         0x080001db   Thumb Code     0  startup_stm32f429xx.o(.text)
    FMC_IRQHandler                           0x080001db   Thumb Code     0  startup_stm32f429xx.o(.text)
    FPU_IRQHandler                           0x080001db   Thumb Code     0  startup_stm32f429xx.o(.text)
    HASH_RNG_IRQHandler                      0x080001db   Thumb Code     0  startup_stm32f429xx.o(.text)
    I2C1_ER_IRQHandler                       0x080001db   Thumb Code     0  startup_stm32f429xx.o(.text)
    I2C1_EV_IRQHandler                       0x080001db   Thumb Code     0  startup_stm32f429xx.o(.text)
    I2C2_ER_IRQHandler                       0x080001db   Thumb Code     0  startup_stm32f429xx.o(.text)
    I2C2_EV_IRQHandler                       0x080001db   Thumb Code     0  startup_stm32f429xx.o(.text)
    I2C3_ER_IRQHandler                       0x080001db   Thumb Code     0  startup_stm32f429xx.o(.text)
    I2C3_EV_IRQHandler                       0x080001db   Thumb Code     0  startup_stm32f429xx.o(.text)
    LTDC_ER_IRQHandler                       0x080001db   Thumb Code     0  startup_stm32f429xx.o(.text)
    LTDC_IRQHandler                          0x080001db   Thumb Code     0  startup_stm32f429xx.o(.text)
    OTG_FS_IRQHandler                        0x080001db   Thumb Code     0  startup_stm32f429xx.o(.text)
    OTG_FS_WKUP_IRQHandler                   0x080001db   Thumb Code     0  startup_stm32f429xx.o(.text)
    OTG_HS_EP1_IN_IRQHandler                 0x080001db   Thumb Code     0  startup_stm32f429xx.o(.text)
    OTG_HS_EP1_OUT_IRQHandler                0x080001db   Thumb Code     0  startup_stm32f429xx.o(.text)
    OTG_HS_IRQHandler                        0x080001db   Thumb Code     0  startup_stm32f429xx.o(.text)
    OTG_HS_WKUP_IRQHandler                   0x080001db   Thumb Code     0  startup_stm32f429xx.o(.text)
    PVD_IRQHandler                           0x080001db   Thumb Code     0  startup_stm32f429xx.o(.text)
    RCC_IRQHandler                           0x080001db   Thumb Code     0  startup_stm32f429xx.o(.text)
    RTC_Alarm_IRQHandler                     0x080001db   Thumb Code     0  startup_stm32f429xx.o(.text)
    RTC_WKUP_IRQHandler                      0x080001db   Thumb Code     0  startup_stm32f429xx.o(.text)
    SAI1_IRQHandler                          0x080001db   Thumb Code     0  startup_stm32f429xx.o(.text)
    SDIO_IRQHandler                          0x080001db   Thumb Code     0  startup_stm32f429xx.o(.text)
    SPI1_IRQHandler                          0x080001db   Thumb Code     0  startup_stm32f429xx.o(.text)
    SPI2_IRQHandler                          0x080001db   Thumb Code     0  startup_stm32f429xx.o(.text)
    SPI3_IRQHandler                          0x080001db   Thumb Code     0  startup_stm32f429xx.o(.text)
    SPI4_IRQHandler                          0x080001db   Thumb Code     0  startup_stm32f429xx.o(.text)
    SPI5_IRQHandler                          0x080001db   Thumb Code     0  startup_stm32f429xx.o(.text)
    SPI6_IRQHandler                          0x080001db   Thumb Code     0  startup_stm32f429xx.o(.text)
    TAMP_STAMP_IRQHandler                    0x080001db   Thumb Code     0  startup_stm32f429xx.o(.text)
    TIM1_BRK_TIM9_IRQHandler                 0x080001db   Thumb Code     0  startup_stm32f429xx.o(.text)
    TIM1_CC_IRQHandler                       0x080001db   Thumb Code     0  startup_stm32f429xx.o(.text)
    TIM1_TRG_COM_TIM11_IRQHandler            0x080001db   Thumb Code     0  startup_stm32f429xx.o(.text)
    TIM1_UP_TIM10_IRQHandler                 0x080001db   Thumb Code     0  startup_stm32f429xx.o(.text)
    TIM2_IRQHandler                          0x080001db   Thumb Code     0  startup_stm32f429xx.o(.text)
    TIM3_IRQHandler                          0x080001db   Thumb Code     0  startup_stm32f429xx.o(.text)
    TIM4_IRQHandler                          0x080001db   Thumb Code     0  startup_stm32f429xx.o(.text)
    TIM5_IRQHandler                          0x080001db   Thumb Code     0  startup_stm32f429xx.o(.text)
    TIM7_IRQHandler                          0x080001db   Thumb Code     0  startup_stm32f429xx.o(.text)
    TIM8_BRK_TIM12_IRQHandler                0x080001db   Thumb Code     0  startup_stm32f429xx.o(.text)
    TIM8_CC_IRQHandler                       0x080001db   Thumb Code     0  startup_stm32f429xx.o(.text)
    TIM8_TRG_COM_TIM14_IRQHandler            0x080001db   Thumb Code     0  startup_stm32f429xx.o(.text)
    TIM8_UP_TIM13_IRQHandler                 0x080001db   Thumb Code     0  startup_stm32f429xx.o(.text)
    UART4_IRQHandler                         0x080001db   Thumb Code     0  startup_stm32f429xx.o(.text)
    UART5_IRQHandler                         0x080001db   Thumb Code     0  startup_stm32f429xx.o(.text)
    UART7_IRQHandler                         0x080001db   Thumb Code     0  startup_stm32f429xx.o(.text)
    UART8_IRQHandler                         0x080001db   Thumb Code     0  startup_stm32f429xx.o(.text)
    USART3_IRQHandler                        0x080001db   Thumb Code     0  startup_stm32f429xx.o(.text)
    USART6_IRQHandler                        0x080001db   Thumb Code     0  startup_stm32f429xx.o(.text)
    WWDG_IRQHandler                          0x080001db   Thumb Code     0  startup_stm32f429xx.o(.text)
    rt_hw_interrupt_disable                  0x080001e5   Thumb Code     8  context_rvds.o(.text)
    rt_hw_interrupt_enable                   0x080001ed   Thumb Code     6  context_rvds.o(.text)
    rt_hw_context_switch                     0x080001f3   Thumb Code    32  context_rvds.o(.text)
    rt_hw_context_switch_interrupt           0x080001f3   Thumb Code     0  context_rvds.o(.text)
    PendSV_Handler                           0x08000213   Thumb Code   108  context_rvds.o(.text)
    rt_hw_context_switch_to                  0x0800027f   Thumb Code    70  context_rvds.o(.text)
    rt_hw_interrupt_thread_switch            0x080002c5   Thumb Code     2  context_rvds.o(.text)
    HardFault_Handler                        0x080002c7   Thumb Code    20  context_rvds.o(.text)
    __aeabi_uldivmod                         0x080002f5   Thumb Code    98  uldiv.o(.text)
    __aeabi_memcpy                           0x08000357   Thumb Code    36  memcpya.o(.text)
    __aeabi_memcpy4                          0x08000357   Thumb Code     0  memcpya.o(.text)
    __aeabi_memcpy8                          0x08000357   Thumb Code     0  memcpya.o(.text)
    __aeabi_memset                           0x0800037b   Thumb Code    14  memseta.o(.text)
    __aeabi_memset4                          0x0800037b   Thumb Code     0  memseta.o(.text)
    __aeabi_memset8                          0x0800037b   Thumb Code     0  memseta.o(.text)
    __aeabi_memclr                           0x08000389   Thumb Code     4  memseta.o(.text)
    __aeabi_memclr4                          0x08000389   Thumb Code     0  memseta.o(.text)
    __aeabi_memclr8                          0x08000389   Thumb Code     0  memseta.o(.text)
    _memset$wrapper                          0x0800038d   Thumb Code    18  memseta.o(.text)
    strcat                                   0x0800039f   Thumb Code    24  strcat.o(.text)
    strncpy                                  0x080003b7   Thumb Code    24  strncpy.o(.text)
    strlen                                   0x080003cf   Thumb Code    14  strlen.o(.text)
    memcmp                                   0x080003dd   Thumb Code    26  memcmp.o(.text)
    strcpy                                   0x080003f7   Thumb Code    18  strcpy.o(.text)
    strncmp                                  0x08000409   Thumb Code    30  strncmp.o(.text)
    __aeabi_llsl                             0x08000427   Thumb Code    30  llshl.o(.text)
    _ll_shift_l                              0x08000427   Thumb Code     0  llshl.o(.text)
    __aeabi_llsr                             0x08000445   Thumb Code    32  llushr.o(.text)
    _ll_ushift_r                             0x08000445   Thumb Code     0  llushr.o(.text)
    __scatterload                            0x08000465   Thumb Code    28  init.o(.text)
    __scatterload_rt2                        0x08000465   Thumb Code     0  init.o(.text)
    main                                     0x08000489   Thumb Code    14  components.o(i.$Sub$$main)
    BusFault_Handler                         0x08000497   Thumb Code     4  stm32f4xx_it.o(i.BusFault_Handler)
    DebugMon_Handler                         0x0800049b   Thumb Code     2  stm32f4xx_it.o(i.DebugMon_Handler)
    HAL_GPIO_Init                            0x0800049d   Thumb Code   486  stm32f4xx_hal_gpio.o(i.HAL_GPIO_Init)
    HAL_GPIO_TogglePin                       0x080006b9   Thumb Code     8  stm32f4xx_hal_gpio.o(i.HAL_GPIO_TogglePin)
    HAL_GetTick                              0x080006c1   Thumb Code     6  stm32f4xx_hal.o(i.HAL_GetTick)
    HAL_Init                                 0x080006cd   Thumb Code    54  stm32f4xx_hal.o(i.HAL_Init)
    HAL_InitTick                             0x08000709   Thumb Code    64  stm32f4xx_hal.o(i.HAL_InitTick)
    HAL_MspInit                              0x08000755   Thumb Code   150  stm32f4xx_hal_msp.o(i.HAL_MspInit)
    HAL_NVIC_EnableIRQ                       0x080007f1   Thumb Code    26  stm32f4xx_hal_cortex.o(i.HAL_NVIC_EnableIRQ)
    HAL_NVIC_SetPriority                     0x0800080b   Thumb Code   124  stm32f4xx_hal_cortex.o(i.HAL_NVIC_SetPriority)
    HAL_NVIC_SetPriorityGrouping             0x08000889   Thumb Code    32  stm32f4xx_hal_cortex.o(i.HAL_NVIC_SetPriorityGrouping)
    HAL_PWREx_EnableOverDrive                0x080008b1   Thumb Code   128  stm32f4xx_hal_pwr_ex.o(i.HAL_PWREx_EnableOverDrive)
    HAL_RCC_ClockConfig                      0x0800093d   Thumb Code   366  stm32f4xx_hal_rcc.o(i.HAL_RCC_ClockConfig)
    HAL_RCC_GetHCLKFreq                      0x08000abd   Thumb Code     6  stm32f4xx_hal_rcc.o(i.HAL_RCC_GetHCLKFreq)
    HAL_RCC_GetPCLK1Freq                     0x08000ac9   Thumb Code    22  stm32f4xx_hal_rcc.o(i.HAL_RCC_GetPCLK1Freq)
    HAL_RCC_GetPCLK2Freq                     0x08000ae9   Thumb Code    22  stm32f4xx_hal_rcc.o(i.HAL_RCC_GetPCLK2Freq)
    HAL_RCC_GetSysClockFreq                  0x08000b09   Thumb Code   162  stm32f4xx_hal_rcc.o(i.HAL_RCC_GetSysClockFreq)
    HAL_RCC_OscConfig                        0x08000bb9   Thumb Code  1086  stm32f4xx_hal_rcc.o(i.HAL_RCC_OscConfig)
    HAL_SYSTICK_CLKSourceConfig              0x08001001   Thumb Code    40  stm32f4xx_hal_cortex.o(i.HAL_SYSTICK_CLKSourceConfig)
    HAL_SYSTICK_Config                       0x08001029   Thumb Code    52  stm32f4xx_hal_cortex.o(i.HAL_SYSTICK_Config)
    HAL_UART_Init                            0x0800105d   Thumb Code   114  stm32f4xx_hal_uart.o(i.HAL_UART_Init)
    HAL_UART_MspInit                         0x080010cf   Thumb Code     2  stm32f4xx_hal_uart.o(i.HAL_UART_MspInit)
    MemManage_Handler                        0x080010d1   Thumb Code     4  stm32f4xx_it.o(i.MemManage_Handler)
    NMI_Handler                              0x080010d5   Thumb Code     2  stm32f4xx_it.o(i.NMI_Handler)
    SVC_Handler                              0x08001111   Thumb Code     2  stm32f4xx_it.o(i.SVC_Handler)
    SysTick_Handler                          0x08001113   Thumb Code    20  board.o(i.SysTick_Handler)
    SysTick_ISR                              0x08001129   Thumb Code   110  bsp_timer.o(i.SysTick_ISR)
    SystemInit                               0x08001299   Thumb Code    82  system_stm32f4xx.o(i.SystemInit)
    TIM6_DAC_IRQHandler                      0x080012fd   Thumb Code    30  bsp_tim.o(i.TIM6_DAC_IRQHandler)
    USART1_IRQHandler                        0x0800168d   Thumb Code    10  bsp_uart.o(i.USART1_IRQHandler)
    USART2_IRQHandler                        0x0800169d   Thumb Code    10  bsp_uart.o(i.USART2_IRQHandler)
    UsageFault_Handler                       0x080017a3   Thumb Code     4  stm32f4xx_it.o(i.UsageFault_Handler)
    _Error_Handler                           0x080017a7   Thumb Code     4  main.o(i._Error_Handler)
    __0printf$2                              0x080017ad   Thumb Code    22  printf2.o(i.__0printf$2)
    __1printf$2                              0x080017ad   Thumb Code     0  printf2.o(i.__0printf$2)
    __2printf                                0x080017ad   Thumb Code     0  printf2.o(i.__0printf$2)
    __rt_ffs                                 0x080017cd   Thumb Code    70  kservice.o(i.__rt_ffs)
    __scatterload_copy                       0x08001819   Thumb Code    14  handlers.o(i.__scatterload_copy)
    __scatterload_null                       0x08001827   Thumb Code     2  handlers.o(i.__scatterload_null)
    __scatterload_zeroinit                   0x08001829   Thumb Code    14  handlers.o(i.__scatterload_zeroinit)
    bsp_RunPer10ms                           0x0800223d   Thumb Code     8  bsp.o(i.bsp_RunPer10ms)
    bsp_RunPer1ms                            0x08002245   Thumb Code     2  bsp.o(i.bsp_RunPer1ms)
    bsp_init                                 0x08002315   Thumb Code    28  bsp.o(i.bsp_init)
    bsp_init_timer                           0x08002331   Thumb Code   142  bsp_timer.o(i.bsp_init_timer)
    bsp_initkey                              0x080023d5   Thumb Code    12  bsp_key.o(i.bsp_initkey)
    bsp_inituart                             0x080024b1   Thumb Code    12  bsp_uart.o(i.bsp_inituart)
    bsp_keyscan10ms                          0x080024bd   Thumb Code    22  bsp_key.o(i.bsp_keyscan10ms)
    bsp_putkey_fifo                          0x080024d5   Thumb Code    28  bsp_key.o(i.bsp_putkey_fifo)
    bsp_setuartparam                         0x080024f5   Thumb Code    50  bsp_uart.o(i.bsp_setuartparam)
    comgetchar                               0x0800255d   Thumb Code    30  bsp_uart.o(i.comgetchar)
    comsendbuf                               0x0800257b   Thumb Code    46  bsp_uart.o(i.comsendbuf)
    comsendchar                              0x080025a9   Thumb Code    16  bsp_uart.o(i.comsendchar)
    comtouart                                0x080025b9   Thumb Code    66  bsp_uart.o(i.comtouart)
    fgetc                                    0x0800261d   Thumb Code    24  bsp_uart.o(i.fgetc)
    finsh_get_prompt                         0x08002635   Thumb Code    84  shell.o(i.finsh_get_prompt)
    finsh_set_prompt_mode                    0x080026b1   Thumb Code    42  shell.o(i.finsh_set_prompt_mode)
    finsh_system_function_init               0x080026f9   Thumb Code    10  shell.o(i.finsh_system_function_init)
    finsh_system_init                        0x0800270d   Thumb Code    98  shell.o(i.finsh_system_init)
    finsh_thread_entry                       0x080027a9   Thumb Code  1212  shell.o(i.finsh_thread_entry)
    fputc                                    0x08002c6d   Thumb Code    18  bsp_uart.o(i.fputc)
    getc                                     0x08002c7f   Thumb Code     4  getc.o(i.getc)
    hello                                    0x08002c85   Thumb Code    12  cmd.o(i.hello)
    list                                     0x08002f0d   Thumb Code    54  cmd.o(i.list)
    list_event                               0x08002f75   Thumb Code    18  cmd.o(i.list_event)
    list_mailbox                             0x08002f87   Thumb Code    18  cmd.o(i.list_mailbox)
    list_mem                                 0x08002f99   Thumb Code    34  mem.o(i.list_mem)
    list_msgqueue                            0x08003011   Thumb Code    18  cmd.o(i.list_msgqueue)
    list_mutex                               0x08003023   Thumb Code    18  cmd.o(i.list_mutex)
    list_sem                                 0x08003035   Thumb Code    18  cmd.o(i.list_sem)
    list_thread                              0x08003047   Thumb Code    18  cmd.o(i.list_thread)
    list_timer                               0x08003059   Thumb Code    18  cmd.o(i.list_timer)
    $Super$$main                             0x0800306d   Thumb Code    54  main.o(i.main)
    main_thread_entry                        0x080030b1   Thumb Code    14  components.o(i.main_thread_entry)
    msh_auto_complete                        0x080030c1   Thumb Code   138  msh.o(i.msh_auto_complete)
    msh_exec                                 0x08003161   Thumb Code    82  msh.o(i.msh_exec)
    msh_help                                 0x08003229   Thumb Code    66  msh.o(i.msh_help)
    msh_is_used                              0x080032a9   Thumb Code     4  msh.o(i.msh_is_used)
    out_gpio_init                            0x080033f9   Thumb Code   118  bsp_gpio.o(i.out_gpio_init)
    rt_application_init                      0x08003715   Thumb Code    46  components.o(i.rt_application_init)
    rt_assert_handler                        0x08003765   Thumb Code    56  kservice.o(i.rt_assert_handler)
    rt_calloc                                0x080037d9   Thumb Code    80  mem.o(i.rt_calloc)
    rt_components_board_init                 0x08003859   Thumb Code    38  components.o(i.rt_components_board_init)
    rt_components_init                       0x080038a5   Thumb Code    44  components.o(i.rt_components_init)
    rt_enter_critical                        0x08003915   Thumb Code    28  scheduler.o(i.rt_enter_critical)
    rt_exit_critical                         0x08003935   Thumb Code    54  scheduler.o(i.rt_exit_critical)
    rt_free                                  0x08003971   Thumb Code   260  mem.o(i.rt_free)
    rt_heap_begin_get                        0x08003b65   Thumb Code     4  board.o(i.rt_heap_begin_get)
    rt_heap_end_get                          0x08003b6d   Thumb Code     4  board.o(i.rt_heap_end_get)
    rt_hw_board_init                         0x08003b75   Thumb Code    30  board.o(i.rt_hw_board_init)
    rt_hw_console_getchar                    0x08003b95   Thumb Code    18  board.o(i.rt_hw_console_getchar)
    rt_hw_console_output                     0x08003bad   Thumb Code    56  board.o(i.rt_hw_console_output)
    rt_hw_hard_fault_exception               0x08003be9   Thumb Code   112  cpuport.o(i.rt_hw_hard_fault_exception)
    rt_hw_stack_init                         0x08003cf9   Thumb Code    74  cpuport.o(i.rt_hw_stack_init)
    rt_interrupt_enter                       0x08003d49   Thumb Code    30  irq.o(i.rt_interrupt_enter)
    rt_interrupt_get_nest                    0x08003d6d   Thumb Code     6  irq.o(i.rt_interrupt_get_nest)
    rt_interrupt_leave                       0x08003d79   Thumb Code    30  irq.o(i.rt_interrupt_leave)
    rt_kprintf                               0x08003e31   Thumb Code    44  kservice.o(i.rt_kprintf)
    rt_malloc                                0x08003f15   Thumb Code   500  mem.o(i.rt_malloc)
    rt_memmove                               0x080041b5   Thumb Code    66  kservice.o(i.rt_memmove)
    rt_memset                                0x080041f7   Thumb Code    72  kservice.o(i.rt_memset)
    rt_object_allocate                       0x08004241   Thumb Code   130  object.o(i.rt_object_allocate)
    rt_object_delete                         0x0800430d   Thumb Code    66  object.o(i.rt_object_delete)
    rt_object_detach                         0x08004395   Thumb Code    40  object.o(i.rt_object_detach)
    rt_object_get_information                0x080043d5   Thumb Code    36  object.o(i.rt_object_get_information)
    rt_object_init                           0x080043fd   Thumb Code    74  object.o(i.rt_object_init)
    rt_object_is_systemobject                0x08004465   Thumb Code    34  object.o(i.rt_object_is_systemobject)
    rt_schedule                              0x080044a1   Thumb Code   128  scheduler.o(i.rt_schedule)
    rt_schedule_insert_thread                0x08004539   Thumb Code    90  scheduler.o(i.rt_schedule_insert_thread)
    rt_schedule_remove_thread                0x080045b5   Thumb Code    94  scheduler.o(i.rt_schedule_remove_thread)
    rt_sem_init                              0x08004635   Thumb Code    50  ipc.o(i.rt_sem_init)
    rt_sem_release                           0x0800467d   Thumb Code    62  ipc.o(i.rt_sem_release)
    rt_sem_take                              0x080046bd   Thumb Code   230  ipc.o(i.rt_sem_take)
    rt_show_version                          0x0800481d   Thumb Code    38  kservice.o(i.rt_show_version)
    rt_strlen                                0x080048cd   Thumb Code    18  kservice.o(i.rt_strlen)
    rt_strncpy                               0x080048df   Thumb Code    52  kservice.o(i.rt_strncpy)
    rt_system_heap_init                      0x08004915   Thumb Code   204  mem.o(i.rt_system_heap_init)
    rt_system_scheduler_init                 0x08004a69   Thumb Code    56  scheduler.o(i.rt_system_scheduler_init)
    rt_system_scheduler_start                0x08004ab9   Thumb Code    36  scheduler.o(i.rt_system_scheduler_start)
    rt_system_timer_init                     0x08004ae9   Thumb Code    24  timer.o(i.rt_system_timer_init)
    rt_system_timer_thread_init              0x08004b05   Thumb Code     2  timer.o(i.rt_system_timer_thread_init)
    rt_thread_create                         0x08004b07   Thumb Code    80  thread.o(i.rt_thread_create)
    rt_thread_delay                          0x08004b57   Thumb Code    12  thread.o(i.rt_thread_delay)
    rt_thread_exit                           0x08004b65   Thumb Code    78  thread.o(i.rt_thread_exit)
    rt_thread_idle_excute                    0x08004bd5   Thumb Code   172  idle.o(i.rt_thread_idle_excute)
    rt_thread_idle_init                      0x08004cb5   Thumb Code    38  idle.o(i.rt_thread_idle_init)
    rt_thread_init                           0x08004cf1   Thumb Code    74  thread.o(i.rt_thread_init)
    rt_thread_resume                         0x08004d6d   Thumb Code    82  thread.o(i.rt_thread_resume)
    rt_thread_self                           0x08004dd9   Thumb Code     6  thread.o(i.rt_thread_self)
    rt_thread_sleep                          0x08004de5   Thumb Code    76  thread.o(i.rt_thread_sleep)
    rt_thread_startup                        0x08004e4d   Thumb Code    88  thread.o(i.rt_thread_startup)
    rt_thread_suspend                        0x08004ef5   Thumb Code    90  thread.o(i.rt_thread_suspend)
    rt_thread_timeout                        0x08004f69   Thumb Code    70  thread.o(i.rt_thread_timeout)
    rt_thread_yield                          0x08005005   Thumb Code    92  thread.o(i.rt_thread_yield)
    rt_tick_get                              0x08005069   Thumb Code     6  clock.o(i.rt_tick_get)
    rt_tick_increase                         0x08005075   Thumb Code    42  clock.o(i.rt_tick_increase)
    rt_timer_check                           0x080050a5   Thumb Code   130  timer.o(i.rt_timer_check)
    rt_timer_control                         0x0800512d   Thumb Code    76  timer.o(i.rt_timer_control)
    rt_timer_detach                          0x08005191   Thumb Code    44  timer.o(i.rt_timer_detach)
    rt_timer_init                            0x080051d5   Thumb Code    58  timer.o(i.rt_timer_init)
    rt_timer_start                           0x08005229   Thumb Code   274  timer.o(i.rt_timer_start)
    rt_timer_stop                            0x08005381   Thumb Code    62  timer.o(i.rt_timer_stop)
    rt_vsnprintf                             0x080053d9   Thumb Code   800  kservice.o(i.rt_vsnprintf)
    rtthread_startup                         0x08005711   Thumb Code    42  components.o(i.rtthread_startup)
    toggle_pin                               0x080058ef   Thumb Code    16  bsp_gpio.o(i.toggle_pin)
    version                                  0x08005a5d   Thumb Code    10  cmd.o(i.version)
    AHBPrescTable                            0x08005a66   Data          16  system_stm32f4xx.o(.constdata)
    APBPrescTable                            0x08005a76   Data           8  system_stm32f4xx.o(.constdata)
    __rti_finsh_system_init_name             0x08005ab6   Data          18  shell.o(.constdata)
    __rti_rti_start_name                     0x08005b12   Data          10  components.o(.constdata)
    __rti_rti_board_start_name               0x08005b1c   Data          16  components.o(.constdata)
    __rti_rti_board_end_name                 0x08005b2c   Data          14  components.o(.constdata)
    __rti_rti_end_name                       0x08005b3a   Data           8  components.o(.constdata)
    __lowest_bit_bitmap                      0x08005d43   Data         256  kservice.o(.constdata)
    __fsym_hello_name                        0x08006195   Data           6  cmd.o(.rodata.name)
    __fsym_hello_desc                        0x0800619b   Data          16  cmd.o(.rodata.name)
    __fsym_version_name                      0x080061ab   Data           8  cmd.o(.rodata.name)
    __fsym_version_desc                      0x080061b3   Data          35  cmd.o(.rodata.name)
    __fsym___cmd_version_name                0x080061d6   Data          14  cmd.o(.rodata.name)
    __fsym___cmd_version_desc                0x080061e4   Data          35  cmd.o(.rodata.name)
    __fsym_list_thread_name                  0x08006207   Data          12  cmd.o(.rodata.name)
    __fsym_list_thread_desc                  0x08006213   Data          12  cmd.o(.rodata.name)
    __fsym___cmd_list_thread_name            0x0800621f   Data          18  cmd.o(.rodata.name)
    __fsym___cmd_list_thread_desc            0x08006231   Data          12  cmd.o(.rodata.name)
    __fsym_list_sem_name                     0x0800623d   Data           9  cmd.o(.rodata.name)
    __fsym_list_sem_desc                     0x08006246   Data          25  cmd.o(.rodata.name)
    __fsym___cmd_list_sem_name               0x0800625f   Data          15  cmd.o(.rodata.name)
    __fsym___cmd_list_sem_desc               0x0800626e   Data          25  cmd.o(.rodata.name)
    __fsym_list_event_name                   0x08006287   Data          11  cmd.o(.rodata.name)
    __fsym_list_event_desc                   0x08006292   Data          21  cmd.o(.rodata.name)
    __fsym___cmd_list_event_name             0x080062a7   Data          17  cmd.o(.rodata.name)
    __fsym___cmd_list_event_desc             0x080062b8   Data          21  cmd.o(.rodata.name)
    __fsym_list_mutex_name                   0x080062cd   Data          11  cmd.o(.rodata.name)
    __fsym_list_mutex_desc                   0x080062d8   Data          21  cmd.o(.rodata.name)
    __fsym___cmd_list_mutex_name             0x080062ed   Data          17  cmd.o(.rodata.name)
    __fsym___cmd_list_mutex_desc             0x080062fe   Data          21  cmd.o(.rodata.name)
    __fsym_list_mailbox_name                 0x08006313   Data          13  cmd.o(.rodata.name)
    __fsym_list_mailbox_desc                 0x08006320   Data          24  cmd.o(.rodata.name)
    __fsym___cmd_list_mailbox_name           0x08006338   Data          19  cmd.o(.rodata.name)
    __fsym___cmd_list_mailbox_desc           0x0800634b   Data          24  cmd.o(.rodata.name)
    __fsym_list_msgqueue_name                0x08006363   Data          14  cmd.o(.rodata.name)
    __fsym_list_msgqueue_desc                0x08006371   Data          29  cmd.o(.rodata.name)
    __fsym___cmd_list_msgqueue_name          0x0800638e   Data          20  cmd.o(.rodata.name)
    __fsym___cmd_list_msgqueue_desc          0x080063a2   Data          29  cmd.o(.rodata.name)
    __fsym_list_timer_name                   0x080063bf   Data          11  cmd.o(.rodata.name)
    __fsym_list_timer_desc                   0x080063ca   Data          21  cmd.o(.rodata.name)
    __fsym___cmd_list_timer_name             0x080063df   Data          17  cmd.o(.rodata.name)
    __fsym___cmd_list_timer_desc             0x080063f0   Data          21  cmd.o(.rodata.name)
    __fsym_list_name                         0x08006405   Data           5  cmd.o(.rodata.name)
    __fsym_list_desc                         0x0800640a   Data          26  cmd.o(.rodata.name)
    __fsym___cmd_help_name                   0x08006424   Data          11  msh.o(.rodata.name)
    __fsym___cmd_help_desc                   0x0800642f   Data          22  msh.o(.rodata.name)
    __fsym_list_mem_name                     0x08006445   Data           9  mem.o(.rodata.name)
    __fsym_list_mem_desc                     0x0800644e   Data          30  mem.o(.rodata.name)
    __rt_init_desc_rti_start                 0x0800646c   Data           8  components.o(.rti_fn.0)
    __rt_init_desc_rti_board_start           0x08006474   Data           8  components.o(.rti_fn.0.end)
    __rt_init_desc_rti_board_end             0x0800647c   Data           8  components.o(.rti_fn.1.end)
    __rt_init_desc_finsh_system_init         0x08006484   Data           8  shell.o(.rti_fn.6)
    __rt_init_desc_rti_end                   0x0800648c   Data           8  components.o(.rti_fn.6.end)
    FSymTab$$Base                            0x08006494   Number         0  cmd.o(FSymTab)
    __fsym_hello                             0x08006494   Data          12  cmd.o(FSymTab)
    __fsym_version                           0x080064a0   Data          12  cmd.o(FSymTab)
    __fsym___cmd_version                     0x080064ac   Data          12  cmd.o(FSymTab)
    __fsym_list_thread                       0x080064b8   Data          12  cmd.o(FSymTab)
    __fsym___cmd_list_thread                 0x080064c4   Data          12  cmd.o(FSymTab)
    __fsym_list_sem                          0x080064d0   Data          12  cmd.o(FSymTab)
    __fsym___cmd_list_sem                    0x080064dc   Data          12  cmd.o(FSymTab)
    __fsym_list_event                        0x080064e8   Data          12  cmd.o(FSymTab)
    __fsym___cmd_list_event                  0x080064f4   Data          12  cmd.o(FSymTab)
    __fsym_list_mutex                        0x08006500   Data          12  cmd.o(FSymTab)
    __fsym___cmd_list_mutex                  0x0800650c   Data          12  cmd.o(FSymTab)
    __fsym_list_mailbox                      0x08006518   Data          12  cmd.o(FSymTab)
    __fsym___cmd_list_mailbox                0x08006524   Data          12  cmd.o(FSymTab)
    __fsym_list_msgqueue                     0x08006530   Data          12  cmd.o(FSymTab)
    __fsym___cmd_list_msgqueue               0x0800653c   Data          12  cmd.o(FSymTab)
    __fsym_list_timer                        0x08006548   Data          12  cmd.o(FSymTab)
    __fsym___cmd_list_timer                  0x08006554   Data          12  cmd.o(FSymTab)
    __fsym_list                              0x08006560   Data          12  cmd.o(FSymTab)
    __fsym___cmd_help                        0x0800656c   Data          12  msh.o(FSymTab)
    __fsym_list_mem                          0x08006578   Data          12  mem.o(FSymTab)
    FSymTab$$Limit                           0x08006584   Number         0  mem.o(FSymTab)
    Region$$Table$$Base                      0x08006584   Number         0  anon$$obj.o(Region$$Table)
    Region$$Table$$Limit                     0x080065a4   Number         0  anon$$obj.o(Region$$Table)
    uwTick                                   0x20000004   Data           4  stm32f4xx_hal.o(.data)
    uwTickPrio                               0x20000008   Data           4  stm32f4xx_hal.o(.data)
    uwTickFreq                               0x2000000c   Data           1  stm32f4xx_hal.o(.data)
    SystemCoreClock                          0x20000010   Data           4  system_stm32f4xx.o(.data)
    getruntime                               0x20000014   Data           4  bsp_timer.o(.data)
    _syscall_table_begin                     0x20000024   Data           4  shell.o(.data)
    _syscall_table_end                       0x20000028   Data           4  shell.o(.data)
    _sysvar_table_begin                      0x2000002c   Data           4  shell.o(.data)
    _sysvar_table_end                        0x20000030   Data           4  shell.o(.data)
    shell                                    0x20000034   Data           4  shell.o(.data)
    rt_interrupt_nest                        0x20000044   Data           1  irq.o(.data)
    rt_assert_hook                           0x2000004c   Data           4  kservice.o(.data)
    rt_current_thread                        0x200000dc   Data           4  scheduler.o(.data)
    rt_current_priority                      0x200000e0   Data           1  scheduler.o(.data)
    rt_thread_ready_priority_group           0x200000e4   Data           4  scheduler.o(.data)
    rt_thread_defunct                        0x200000e8   Data           8  scheduler.o(.data)
    rt_interrupt_from_thread                 0x200000fc   Data           4  cpuport.o(.data)
    rt_interrupt_to_thread                   0x20000100   Data           4  cpuport.o(.data)
    rt_thread_switch_interrupt_flag          0x20000104   Data           4  cpuport.o(.data)
    __stdin                                  0x2000010c   Data           4  stdin.o(.data)
    __stdout                                 0x20000110   Data           4  stdout.o(.data)
    rt_thread_priority_table                 0x200054a4   Data         256  scheduler.o(.bss)
    __initial_sp                             0x200059a8   Data           0  startup_stm32f429xx.o(STACK)



==============================================================================

Memory Map of the image

  Image Entry point : 0x080001ad

  Load Region LR_IROM1 (Base: 0x08000000, Size: 0x000066b8, Max: 0x00100000, ABSOLUTE)

    Execution Region ER_IROM1 (Exec base: 0x08000000, Load base: 0x08000000, Size: 0x000065a4, Max: 0x00100000, ABSOLUTE)

    Exec Addr    Load Addr    Size         Type   Attr      Idx    E Section Name        Object

    0x08000000   0x08000000   0x000001ac   Data   RO            3    RESET               startup_stm32f429xx.o
    0x080001ac   0x080001ac   0x00000000   Code   RO         5204  * .ARM.Collect$$$$00000000  mc_w.l(entry.o)
    0x080001ac   0x080001ac   0x00000004   Code   RO         5493    .ARM.Collect$$$$00000001  mc_w.l(entry2.o)
    0x080001b0   0x080001b0   0x00000004   Code   RO         5496    .ARM.Collect$$$$00000004  mc_w.l(entry5.o)
    0x080001b4   0x080001b4   0x00000000   Code   RO         5498    .ARM.Collect$$$$00000008  mc_w.l(entry7b.o)
    0x080001b4   0x080001b4   0x00000000   Code   RO         5500    .ARM.Collect$$$$0000000A  mc_w.l(entry8b.o)
    0x080001b4   0x080001b4   0x00000008   Code   RO         5501    .ARM.Collect$$$$0000000B  mc_w.l(entry9a.o)
    0x080001bc   0x080001bc   0x00000000   Code   RO         5503    .ARM.Collect$$$$0000000D  mc_w.l(entry10a.o)
    0x080001bc   0x080001bc   0x00000000   Code   RO         5505    .ARM.Collect$$$$0000000F  mc_w.l(entry11a.o)
    0x080001bc   0x080001bc   0x00000004   Code   RO         5494    .ARM.Collect$$$$00002712  mc_w.l(entry2.o)
    0x080001c0   0x080001c0   0x00000024   Code   RO            4    .text               startup_stm32f429xx.o
    0x080001e4   0x080001e4   0x00000110   Code   RO         5200    .text               context_rvds.o
    0x080002f4   0x080002f4   0x00000062   Code   RO         5210    .text               mc_w.l(uldiv.o)
    0x08000356   0x08000356   0x00000024   Code   RO         5214    .text               mc_w.l(memcpya.o)
    0x0800037a   0x0800037a   0x00000024   Code   RO         5216    .text               mc_w.l(memseta.o)
    0x0800039e   0x0800039e   0x00000018   Code   RO         5218    .text               mc_w.l(strcat.o)
    0x080003b6   0x080003b6   0x00000018   Code   RO         5220    .text               mc_w.l(strncpy.o)
    0x080003ce   0x080003ce   0x0000000e   Code   RO         5222    .text               mc_w.l(strlen.o)
    0x080003dc   0x080003dc   0x0000001a   Code   RO         5224    .text               mc_w.l(memcmp.o)
    0x080003f6   0x080003f6   0x00000012   Code   RO         5226    .text               mc_w.l(strcpy.o)
    0x08000408   0x08000408   0x0000001e   Code   RO         5228    .text               mc_w.l(strncmp.o)
    0x08000426   0x08000426   0x0000001e   Code   RO         5510    .text               mc_w.l(llshl.o)
    0x08000444   0x08000444   0x00000020   Code   RO         5512    .text               mc_w.l(llushr.o)
    0x08000464   0x08000464   0x00000024   Code   RO         5525    .text               mc_w.l(init.o)
    0x08000488   0x08000488   0x0000000e   Code   RO         4101    i.$Sub$$main        components.o
    0x08000496   0x08000496   0x00000004   Code   RO          237    i.BusFault_Handler  stm32f4xx_it.o
    0x0800049a   0x0800049a   0x00000002   Code   RO          238    i.DebugMon_Handler  stm32f4xx_it.o
    0x0800049c   0x0800049c   0x0000021c   Code   RO         1659    i.HAL_GPIO_Init     stm32f4xx_hal_gpio.o
    0x080006b8   0x080006b8   0x00000008   Code   RO         1662    i.HAL_GPIO_TogglePin  stm32f4xx_hal_gpio.o
    0x080006c0   0x080006c0   0x0000000c   Code   RO         2216    i.HAL_GetTick       stm32f4xx_hal.o
    0x080006cc   0x080006cc   0x0000003c   Code   RO         2221    i.HAL_Init          stm32f4xx_hal.o
    0x08000708   0x08000708   0x0000004c   Code   RO         2222    i.HAL_InitTick      stm32f4xx_hal.o
    0x08000754   0x08000754   0x0000009c   Code   RO          298    i.HAL_MspInit       stm32f4xx_hal_msp.o
    0x080007f0   0x080007f0   0x0000001a   Code   RO         2066    i.HAL_NVIC_EnableIRQ  stm32f4xx_hal_cortex.o
    0x0800080a   0x0800080a   0x0000007c   Code   RO         2072    i.HAL_NVIC_SetPriority  stm32f4xx_hal_cortex.o
    0x08000886   0x08000886   0x00000002   PAD
    0x08000888   0x08000888   0x00000028   Code   RO         2073    i.HAL_NVIC_SetPriorityGrouping  stm32f4xx_hal_cortex.o
    0x080008b0   0x080008b0   0x0000008c   Code   RO         1995    i.HAL_PWREx_EnableOverDrive  stm32f4xx_hal_pwr_ex.o
    0x0800093c   0x0800093c   0x00000180   Code   RO         1203    i.HAL_RCC_ClockConfig  stm32f4xx_hal_rcc.o
    0x08000abc   0x08000abc   0x0000000c   Code   RO         1208    i.HAL_RCC_GetHCLKFreq  stm32f4xx_hal_rcc.o
    0x08000ac8   0x08000ac8   0x00000020   Code   RO         1210    i.HAL_RCC_GetPCLK1Freq  stm32f4xx_hal_rcc.o
    0x08000ae8   0x08000ae8   0x00000020   Code   RO         1211    i.HAL_RCC_GetPCLK2Freq  stm32f4xx_hal_rcc.o
    0x08000b08   0x08000b08   0x000000b0   Code   RO         1212    i.HAL_RCC_GetSysClockFreq  stm32f4xx_hal_rcc.o
    0x08000bb8   0x08000bb8   0x00000448   Code   RO         1215    i.HAL_RCC_OscConfig  stm32f4xx_hal_rcc.o
    0x08001000   0x08001000   0x00000028   Code   RO         2075    i.HAL_SYSTICK_CLKSourceConfig  stm32f4xx_hal_cortex.o
    0x08001028   0x08001028   0x00000034   Code   RO         2077    i.HAL_SYSTICK_Config  stm32f4xx_hal_cortex.o
    0x0800105c   0x0800105c   0x00000072   Code   RO         2409    i.HAL_UART_Init     stm32f4xx_hal_uart.o
    0x080010ce   0x080010ce   0x00000002   Code   RO         2411    i.HAL_UART_MspInit  stm32f4xx_hal_uart.o
    0x080010d0   0x080010d0   0x00000004   Code   RO          239    i.MemManage_Handler  stm32f4xx_it.o
    0x080010d4   0x080010d4   0x00000002   Code   RO          240    i.NMI_Handler       stm32f4xx_it.o
    0x080010d6   0x080010d6   0x00000002   PAD
    0x080010d8   0x080010d8   0x00000010   Code   RO         2079    i.NVIC_GetPriorityGrouping  stm32f4xx_hal_cortex.o
    0x080010e8   0x080010e8   0x00000028   Code   RO         2080    i.NVIC_SetPriority  stm32f4xx_hal_cortex.o
    0x08001110   0x08001110   0x00000002   Code   RO          241    i.SVC_Handler       stm32f4xx_it.o
    0x08001112   0x08001112   0x00000014   Code   RO         3689    i.SysTick_Handler   board.o
    0x08001126   0x08001126   0x00000002   PAD
    0x08001128   0x08001128   0x00000084   Code   RO         3265    i.SysTick_ISR       bsp_timer.o
    0x080011ac   0x080011ac   0x000000ec   Code   RO         3069    i.SystemClock_Config  bsp.o
    0x08001298   0x08001298   0x00000064   Code   RO         3033    i.SystemInit        system_stm32f4xx.o
    0x080012fc   0x080012fc   0x00000028   Code   RO         3365    i.TIM6_DAC_IRQHandler  bsp_tim.o
    0x08001324   0x08001324   0x00000368   Code   RO         2436    i.UART_SetConfig    stm32f4xx_hal_uart.o
    0x0800168c   0x0800168c   0x00000010   Code   RO         3435    i.USART1_IRQHandler  bsp_uart.o
    0x0800169c   0x0800169c   0x00000010   Code   RO         3436    i.USART2_IRQHandler  bsp_uart.o
    0x080016ac   0x080016ac   0x000000f6   Code   RO         3437    i.UartIRQ           bsp_uart.o
    0x080017a2   0x080017a2   0x00000004   Code   RO          242    i.UsageFault_Handler  stm32f4xx_it.o
    0x080017a6   0x080017a6   0x00000004   Code   RO           13    i._Error_Handler    main.o
    0x080017aa   0x080017aa   0x00000002   PAD
    0x080017ac   0x080017ac   0x00000020   Code   RO         5299    i.__0printf$2       mc_w.l(printf2.o)
    0x080017cc   0x080017cc   0x0000004c   Code   RO         4524    i.__rt_ffs          kservice.o
    0x08001818   0x08001818   0x0000000e   Code   RO         5533    i.__scatterload_copy  mc_w.l(handlers.o)
    0x08001826   0x08001826   0x00000002   Code   RO         5534    i.__scatterload_null  mc_w.l(handlers.o)
    0x08001828   0x08001828   0x0000000e   Code   RO         5535    i.__scatterload_zeroinit  mc_w.l(handlers.o)
    0x08001836   0x08001836   0x00000006   Code   RO         3438    i.__set_PRIMASK     bsp_uart.o
    0x0800183c   0x0800183c   0x00000014   Code   RO         4176    i._has_defunct_thread  idle.o
    0x08001850   0x08001850   0x000000f8   Code   RO         3745    i._list_event       cmd.o
    0x08001948   0x08001948   0x00000120   Code   RO         3746    i._list_mailbox     cmd.o
    0x08001a68   0x08001a68   0x00000108   Code   RO         3747    i._list_msgqueue    cmd.o
    0x08001b70   0x08001b70   0x000000c4   Code   RO         3748    i._list_mutex       cmd.o
    0x08001c34   0x08001c34   0x000000f0   Code   RO         3749    i._list_sem         cmd.o
    0x08001d24   0x08001d24   0x0000016c   Code   RO         3750    i._list_thread      cmd.o
    0x08001e90   0x08001e90   0x00000110   Code   RO         3751    i._list_timer       cmd.o
    0x08001fa0   0x08001fa0   0x00000098   Code   RO         3902    i._msh_exec_cmd     msh.o
    0x08002038   0x08002038   0x000000d6   Code   RO         5306    i._printf_core      mc_w.l(printf2.o)
    0x0800210e   0x0800210e   0x00000002   PAD
    0x08002110   0x08002110   0x000000bc   Code   RO         4942    i._rt_thread_init   thread.o
    0x080021cc   0x080021cc   0x00000042   Code   RO         5058    i._rt_timer_init    timer.o
    0x0800220e   0x0800220e   0x0000002e   Code   RO         5059    i._rt_timer_remove  timer.o
    0x0800223c   0x0800223c   0x00000008   Code   RO         3070    i.bsp_RunPer10ms    bsp.o
    0x08002244   0x08002244   0x00000002   Code   RO         3071    i.bsp_RunPer1ms     bsp.o
    0x08002246   0x08002246   0x00000002   PAD
    0x08002248   0x08002248   0x000000cc   Code   RO         3163    i.bsp_detectkey     bsp_key.o
    0x08002314   0x08002314   0x0000001c   Code   RO         3073    i.bsp_init          bsp.o
    0x08002330   0x08002330   0x000000a4   Code   RO         3272    i.bsp_init_timer    bsp_timer.o
    0x080023d4   0x080023d4   0x0000000c   Code   RO         3167    i.bsp_initkey       bsp_key.o
    0x080023e0   0x080023e0   0x00000080   Code   RO         3168    i.bsp_initkey_hard  bsp_key.o
    0x08002460   0x08002460   0x00000050   Code   RO         3169    i.bsp_initkeyvar    bsp_key.o
    0x080024b0   0x080024b0   0x0000000c   Code   RO         3439    i.bsp_inituart      bsp_uart.o
    0x080024bc   0x080024bc   0x00000016   Code   RO         3170    i.bsp_keyscan10ms   bsp_key.o
    0x080024d2   0x080024d2   0x00000002   PAD
    0x080024d4   0x080024d4   0x00000020   Code   RO         3171    i.bsp_putkey_fifo   bsp_key.o
    0x080024f4   0x080024f4   0x0000004c   Code   RO         3440    i.bsp_setuartparam  bsp_uart.o
    0x08002540   0x08002540   0x0000001c   Code   RO         3273    i.bsp_softtimerdec  bsp_timer.o
    0x0800255c   0x0800255c   0x0000001e   Code   RO         3443    i.comgetchar        bsp_uart.o
    0x0800257a   0x0800257a   0x0000002e   Code   RO         3444    i.comsendbuf        bsp_uart.o
    0x080025a8   0x080025a8   0x00000010   Code   RO         3445    i.comsendchar       bsp_uart.o
    0x080025b8   0x080025b8   0x00000064   Code   RO         3448    i.comtouart         bsp_uart.o
    0x0800261c   0x0800261c   0x00000018   Code   RO         3449    i.fgetc             bsp_uart.o
    0x08002634   0x08002634   0x00000074   Code   RO         3964    i.finsh_get_prompt  shell.o
    0x080026a8   0x080026a8   0x00000008   Code   RO         3966    i.finsh_getchar     shell.o
    0x080026b0   0x080026b0   0x00000048   Code   RO         3969    i.finsh_set_prompt_mode  shell.o
    0x080026f8   0x080026f8   0x00000014   Code   RO         3970    i.finsh_system_function_init  shell.o
    0x0800270c   0x0800270c   0x0000009c   Code   RO         3971    i.finsh_system_init  shell.o
    0x080027a8   0x080027a8   0x000004c4   Code   RO         3973    i.finsh_thread_entry  shell.o
    0x08002c6c   0x08002c6c   0x00000012   Code   RO         3450    i.fputc             bsp_uart.o
    0x08002c7e   0x08002c7e   0x00000004   Code   RO         5207    i.getc              mc_w.l(getc.o)
    0x08002c82   0x08002c82   0x00000002   PAD
    0x08002c84   0x08002c84   0x00000020   Code   RO         3752    i.hello             cmd.o
    0x08002ca4   0x08002ca4   0x000001bc   Code   RO         3451    i.initharduart      bsp_uart.o
    0x08002e60   0x08002e60   0x0000005c   Code   RO         3173    i.iskeydownfunc     bsp_key.o
    0x08002ebc   0x08002ebc   0x00000034   Code   RO         3174    i.keypin_active     bsp_key.o
    0x08002ef0   0x08002ef0   0x0000001c   Code   RO           14    i.led1_thread_entry  main.o
    0x08002f0c   0x08002f0c   0x00000068   Code   RO         3753    i.list              cmd.o
    0x08002f74   0x08002f74   0x00000012   Code   RO         3754    i.list_event        cmd.o
    0x08002f86   0x08002f86   0x00000012   Code   RO         3755    i.list_mailbox      cmd.o
    0x08002f98   0x08002f98   0x00000078   Code   RO         4716    i.list_mem          mem.o
    0x08003010   0x08003010   0x00000012   Code   RO         3756    i.list_msgqueue     cmd.o
    0x08003022   0x08003022   0x00000012   Code   RO         3757    i.list_mutex        cmd.o
    0x08003034   0x08003034   0x00000012   Code   RO         3758    i.list_sem          cmd.o
    0x08003046   0x08003046   0x00000012   Code   RO         3759    i.list_thread       cmd.o
    0x08003058   0x08003058   0x00000012   Code   RO         3760    i.list_timer        cmd.o
    0x0800306a   0x0800306a   0x00000002   PAD
    0x0800306c   0x0800306c   0x00000044   Code   RO           15    i.main              main.o
    0x080030b0   0x080030b0   0x0000000e   Code   RO         4102    i.main_thread_entry  components.o
    0x080030be   0x080030be   0x00000002   PAD
    0x080030c0   0x080030c0   0x000000a0   Code   RO         3903    i.msh_auto_complete  msh.o
    0x08003160   0x08003160   0x0000006c   Code   RO         3904    i.msh_exec          msh.o
    0x080031cc   0x080031cc   0x0000005c   Code   RO         3905    i.msh_get_cmd       msh.o
    0x08003228   0x08003228   0x00000080   Code   RO         3906    i.msh_help          msh.o
    0x080032a8   0x080032a8   0x00000004   Code   RO         3907    i.msh_is_used       msh.o
    0x080032ac   0x080032ac   0x000000f0   Code   RO         3908    i.msh_split         msh.o
    0x0800339c   0x0800339c   0x0000003e   Code   RO         3761    i.object_name_maxlen  cmd.o
    0x080033da   0x080033da   0x00000002   PAD
    0x080033dc   0x080033dc   0x0000001c   Code   RO         3762    i.object_split      cmd.o
    0x080033f8   0x080033f8   0x00000084   Code   RO         3116    i.out_gpio_init     bsp_gpio.o
    0x0800347c   0x0800347c   0x0000010c   Code   RO         4717    i.plug_holes        mem.o
    0x08003588   0x08003588   0x0000018c   Code   RO         4526    i.print_number      kservice.o
    0x08003714   0x08003714   0x00000050   Code   RO         4103    i.rt_application_init  components.o
    0x08003764   0x08003764   0x00000074   Code   RO         4527    i.rt_assert_handler  kservice.o
    0x080037d8   0x080037d8   0x00000080   Code   RO         4718    i.rt_calloc         mem.o
    0x08003858   0x08003858   0x0000004c   Code   RO         4104    i.rt_components_board_init  components.o
    0x080038a4   0x080038a4   0x00000070   Code   RO         4105    i.rt_components_init  components.o
    0x08003914   0x08003914   0x00000020   Code   RO         4860    i.rt_enter_critical  scheduler.o
    0x08003934   0x08003934   0x0000003c   Code   RO         4861    i.rt_exit_critical  scheduler.o
    0x08003970   0x08003970   0x000001f4   Code   RO         4719    i.rt_free           mem.o
    0x08003b64   0x08003b64   0x00000008   Code   RO         3690    i.rt_heap_begin_get  board.o
    0x08003b6c   0x08003b6c   0x00000008   Code   RO         3691    i.rt_heap_end_get   board.o
    0x08003b74   0x08003b74   0x0000001e   Code   RO         3692    i.rt_hw_board_init  board.o
    0x08003b92   0x08003b92   0x00000002   PAD
    0x08003b94   0x08003b94   0x00000018   Code   RO         3693    i.rt_hw_console_getchar  board.o
    0x08003bac   0x08003bac   0x0000003c   Code   RO         3694    i.rt_hw_console_output  board.o
    0x08003be8   0x08003be8   0x00000110   Code   RO         5168    i.rt_hw_hard_fault_exception  cpuport.o
    0x08003cf8   0x08003cf8   0x00000050   Code   RO         5169    i.rt_hw_stack_init  cpuport.o
    0x08003d48   0x08003d48   0x00000024   Code   RO         4497    i.rt_interrupt_enter  irq.o
    0x08003d6c   0x08003d6c   0x0000000c   Code   RO         4498    i.rt_interrupt_get_nest  irq.o
    0x08003d78   0x08003d78   0x00000024   Code   RO         4499    i.rt_interrupt_leave  irq.o
    0x08003d9c   0x08003d9c   0x00000018   Code   RO         4231    i.rt_ipc_list_resume  ipc.o
    0x08003db4   0x08003db4   0x0000006c   Code   RO         4233    i.rt_ipc_list_suspend  ipc.o
    0x08003e20   0x08003e20   0x00000010   Code   RO         4234    i.rt_ipc_object_init  ipc.o
    0x08003e30   0x08003e30   0x00000030   Code   RO         4532    i.rt_kprintf        kservice.o
    0x08003e60   0x08003e60   0x00000006   Code   RO         4235    i.rt_list_init      ipc.o
    0x08003e66   0x08003e66   0x00000006   Code   RO         4862    i.rt_list_init      scheduler.o
    0x08003e6c   0x08003e6c   0x00000006   Code   RO         5060    i.rt_list_init      timer.o
    0x08003e72   0x08003e72   0x0000000e   Code   RO         4789    i.rt_list_insert_after  object.o
    0x08003e80   0x08003e80   0x0000000e   Code   RO         4943    i.rt_list_insert_after  thread.o
    0x08003e8e   0x08003e8e   0x0000000e   Code   RO         5061    i.rt_list_insert_after  timer.o
    0x08003e9c   0x08003e9c   0x0000000e   Code   RO         4236    i.rt_list_insert_before  ipc.o
    0x08003eaa   0x08003eaa   0x00000010   Code   RO         3763    i.rt_list_isempty   cmd.o
    0x08003eba   0x08003eba   0x00000010   Code   RO         4237    i.rt_list_isempty   ipc.o
    0x08003eca   0x08003eca   0x00000010   Code   RO         5062    i.rt_list_isempty   timer.o
    0x08003eda   0x08003eda   0x00000014   Code   RO         3764    i.rt_list_len       cmd.o
    0x08003eee   0x08003eee   0x00000012   Code   RO         4790    i.rt_list_remove    object.o
    0x08003f00   0x08003f00   0x00000012   Code   RO         4944    i.rt_list_remove    thread.o
    0x08003f12   0x08003f12   0x00000002   PAD
    0x08003f14   0x08003f14   0x000002a0   Code   RO         4720    i.rt_malloc         mem.o
    0x080041b4   0x080041b4   0x00000042   Code   RO         4537    i.rt_memmove        kservice.o
    0x080041f6   0x080041f6   0x00000048   Code   RO         4538    i.rt_memset         kservice.o
    0x0800423e   0x0800423e   0x00000002   PAD
    0x08004240   0x08004240   0x000000cc   Code   RO         4791    i.rt_object_allocate  object.o
    0x0800430c   0x0800430c   0x00000088   Code   RO         4792    i.rt_object_delete  object.o
    0x08004394   0x08004394   0x00000040   Code   RO         4793    i.rt_object_detach  object.o
    0x080043d4   0x080043d4   0x00000028   Code   RO         4795    i.rt_object_get_information  object.o
    0x080043fc   0x080043fc   0x00000068   Code   RO         4796    i.rt_object_init    object.o
    0x08004464   0x08004464   0x0000003c   Code   RO         4797    i.rt_object_is_systemobject  object.o
    0x080044a0   0x080044a0   0x00000098   Code   RO         4863    i.rt_schedule       scheduler.o
    0x08004538   0x08004538   0x0000007c   Code   RO         4864    i.rt_schedule_insert_thread  scheduler.o
    0x080045b4   0x080045b4   0x00000080   Code   RO         4865    i.rt_schedule_remove_thread  scheduler.o
    0x08004634   0x08004634   0x00000048   Code   RO         4265    i.rt_sem_init       ipc.o
    0x0800467c   0x0800467c   0x0000003e   Code   RO         4266    i.rt_sem_release    ipc.o
    0x080046ba   0x080046ba   0x00000002   PAD
    0x080046bc   0x080046bc   0x00000160   Code   RO         4267    i.rt_sem_take       ipc.o
    0x0800481c   0x0800481c   0x000000b0   Code   RO         4540    i.rt_show_version   kservice.o
    0x080048cc   0x080048cc   0x00000012   Code   RO         4546    i.rt_strlen         kservice.o
    0x080048de   0x080048de   0x00000034   Code   RO         4548    i.rt_strncpy        kservice.o
    0x08004912   0x08004912   0x00000002   PAD
    0x08004914   0x08004914   0x00000154   Code   RO         4723    i.rt_system_heap_init  mem.o
    0x08004a68   0x08004a68   0x00000050   Code   RO         4866    i.rt_system_scheduler_init  scheduler.o
    0x08004ab8   0x08004ab8   0x00000030   Code   RO         4867    i.rt_system_scheduler_start  scheduler.o
    0x08004ae8   0x08004ae8   0x0000001c   Code   RO         5063    i.rt_system_timer_init  timer.o
    0x08004b04   0x08004b04   0x00000002   Code   RO         5064    i.rt_system_timer_thread_init  timer.o
    0x08004b06   0x08004b06   0x00000050   Code   RO         4946    i.rt_thread_create  thread.o
    0x08004b56   0x08004b56   0x0000000c   Code   RO         4947    i.rt_thread_delay   thread.o
    0x08004b62   0x08004b62   0x00000002   PAD
    0x08004b64   0x08004b64   0x00000058   Code   RO         4950    i.rt_thread_exit    thread.o
    0x08004bbc   0x08004bbc   0x00000018   Code   RO         4177    i.rt_thread_idle_entry  idle.o
    0x08004bd4   0x08004bd4   0x000000e0   Code   RO         4178    i.rt_thread_idle_excute  idle.o
    0x08004cb4   0x08004cb4   0x0000003c   Code   RO         4180    i.rt_thread_idle_init  idle.o
    0x08004cf0   0x08004cf0   0x0000007c   Code   RO         4952    i.rt_thread_init    thread.o
    0x08004d6c   0x08004d6c   0x0000006c   Code   RO         4953    i.rt_thread_resume  thread.o
    0x08004dd8   0x08004dd8   0x0000000c   Code   RO         4954    i.rt_thread_self    thread.o
    0x08004de4   0x08004de4   0x00000068   Code   RO         4955    i.rt_thread_sleep   thread.o
    0x08004e4c   0x08004e4c   0x000000a8   Code   RO         4956    i.rt_thread_startup  thread.o
    0x08004ef4   0x08004ef4   0x00000074   Code   RO         4957    i.rt_thread_suspend  thread.o
    0x08004f68   0x08004f68   0x0000009c   Code   RO         4958    i.rt_thread_timeout  thread.o
    0x08005004   0x08005004   0x00000064   Code   RO         4959    i.rt_thread_yield   thread.o
    0x08005068   0x08005068   0x0000000c   Code   RO         4065    i.rt_tick_get       clock.o
    0x08005074   0x08005074   0x00000030   Code   RO         4066    i.rt_tick_increase  clock.o
    0x080050a4   0x080050a4   0x00000088   Code   RO         5065    i.rt_timer_check    timer.o
    0x0800512c   0x0800512c   0x00000064   Code   RO         5066    i.rt_timer_control  timer.o
    0x08005190   0x08005190   0x00000044   Code   RO         5069    i.rt_timer_detach   timer.o
    0x080051d4   0x080051d4   0x00000054   Code   RO         5070    i.rt_timer_init     timer.o
    0x08005228   0x08005228   0x00000158   Code   RO         5073    i.rt_timer_start    timer.o
    0x08005380   0x08005380   0x00000058   Code   RO         5074    i.rt_timer_stop     timer.o
    0x080053d8   0x080053d8   0x00000328   Code   RO         4551    i.rt_vsnprintf      kservice.o
    0x08005700   0x08005700   0x00000004   Code   RO         4106    i.rti_board_end     components.o
    0x08005704   0x08005704   0x00000004   Code   RO         4107    i.rti_board_start   components.o
    0x08005708   0x08005708   0x00000004   Code   RO         4108    i.rti_end           components.o
    0x0800570c   0x0800570c   0x00000004   Code   RO         4109    i.rti_start         components.o
    0x08005710   0x08005710   0x0000002a   Code   RO         4110    i.rtthread_startup  components.o
    0x0800573a   0x0800573a   0x00000002   PAD
    0x0800573c   0x0800573c   0x00000038   Code   RO         3974    i.shell_auto_complete  shell.o
    0x08005774   0x08005774   0x00000030   Code   RO         3975    i.shell_handle_history  shell.o
    0x080057a4   0x080057a4   0x000000d2   Code   RO         3976    i.shell_push_history  shell.o
    0x08005876   0x08005876   0x00000002   PAD
    0x08005878   0x08005878   0x00000030   Code   RO         3765    i.show_wait_queue   cmd.o
    0x080058a8   0x080058a8   0x00000026   Code   RO         4553    i.skip_atoi         kservice.o
    0x080058ce   0x080058ce   0x00000020   Code   RO         3909    i.str_common        msh.o
    0x080058ee   0x080058ee   0x00000010   Code   RO         3119    i.toggle_pin        bsp_gpio.o
    0x080058fe   0x080058fe   0x0000004a   Code   RO         3452    i.uartgetchar       bsp_uart.o
    0x08005948   0x08005948   0x00000092   Code   RO         3453    i.uartsend          bsp_uart.o
    0x080059da   0x080059da   0x00000002   PAD
    0x080059dc   0x080059dc   0x00000080   Code   RO         3455    i.uartvarinit       bsp_uart.o
    0x08005a5c   0x08005a5c   0x0000000a   Code   RO         3766    i.version           cmd.o
    0x08005a66   0x08005a66   0x00000018   Data   RO         3034    .constdata          system_stm32f4xx.o
    0x08005a7e   0x08005a7e   0x00000002   PAD
    0x08005a80   0x08005a80   0x00000018   Data   RO         3120    .constdata          bsp_gpio.o
    0x08005a98   0x08005a98   0x00000010   Data   RO         3176    .constdata          bsp_key.o
    0x08005aa8   0x08005aa8   0x0000000e   Data   RO         3910    .constdata          msh.o
    0x08005ab6   0x08005ab6   0x0000005c   Data   RO         3978    .constdata          shell.o
    0x08005b12   0x08005b12   0x00000044   Data   RO         4111    .constdata          components.o
    0x08005b56   0x08005b56   0x00000016   Data   RO         4183    .constdata          idle.o
    0x08005b6c   0x08005b6c   0x000001d7   Data   RO         4269    .constdata          ipc.o
    0x08005d43   0x08005d43   0x00000122   Data   RO         4555    .constdata          kservice.o
    0x08005e65   0x08005e65   0x00000046   Data   RO         4725    .constdata          mem.o
    0x08005eab   0x08005eab   0x0000006d   Data   RO         4799    .constdata          object.o
    0x08005f18   0x08005f18   0x00000034   Data   RO         4869    .constdata          scheduler.o
    0x08005f4c   0x08005f4c   0x000000b9   Data   RO         4960    .constdata          thread.o
    0x08006005   0x08006005   0x0000005c   Data   RO         5075    .constdata          timer.o
    0x08006061   0x08006061   0x00000003   PAD
    0x08006064   0x08006064   0x00000044   Data   RO         3767    .conststring        cmd.o
    0x080060a8   0x080060a8   0x000000ed   Data   RO         4726    .conststring        mem.o
    0x08006195   0x08006195   0x0000028f   Data   RO         3768    .rodata.name        cmd.o
    0x08006424   0x08006424   0x00000021   Data   RO         3911    .rodata.name        msh.o
    0x08006445   0x08006445   0x00000027   Data   RO         4728    .rodata.name        mem.o
    0x0800646c   0x0800646c   0x00000008   Data   RO         4112    .rti_fn.0           components.o
    0x08006474   0x08006474   0x00000008   Data   RO         4113    .rti_fn.0.end       components.o
    0x0800647c   0x0800647c   0x00000008   Data   RO         4114    .rti_fn.1.end       components.o
    0x08006484   0x08006484   0x00000008   Data   RO         3980    .rti_fn.6           shell.o
    0x0800648c   0x0800648c   0x00000008   Data   RO         4115    .rti_fn.6.end       components.o
    0x08006494   0x08006494   0x000000d8   Data   RO         3769    FSymTab             cmd.o
    0x0800656c   0x0800656c   0x0000000c   Data   RO         3912    FSymTab             msh.o
    0x08006578   0x08006578   0x0000000c   Data   RO         4729    FSymTab             mem.o
    0x08006584   0x08006584   0x00000020   Data   RO         5531    Region$$Table       anon$$obj.o


    Execution Region RW_IRAM1 (Exec base: 0x20000000, Load base: 0x080065a4, Size: 0x000059a8, Max: 0x00030000, ABSOLUTE)

    Exec Addr    Load Addr    Size         Type   Attr      Idx    E Section Name        Object

    0x20000000   0x080065a4   0x00000004   Data   RW           16    .data               main.o
    0x20000004   0x080065a8   0x00000009   Data   RW         2228    .data               stm32f4xx_hal.o
    0x2000000d   0x080065b1   0x00000003   PAD
    0x20000010   0x080065b4   0x00000004   Data   RW         3035    .data               system_stm32f4xx.o
    0x20000014   0x080065b8   0x0000000e   Data   RW         3279    .data               bsp_timer.o
    0x20000022   0x080065c6   0x00000002   PAD
    0x20000024   0x080065c8   0x00000018   Data   RW         3979    .data               shell.o
    0x2000003c   0x080065e0   0x00000004   Data   RW         4068    .data               clock.o
    0x20000040   0x080065e4   0x00000004   Data   RW         4184    .data               idle.o
    0x20000044   0x080065e8   0x00000001   Data   RW         4500    .data               irq.o
    0x20000045   0x080065e9   0x00000003   PAD
    0x20000048   0x080065ec   0x00000008   Data   RW         4556    .data               kservice.o
    0x20000050   0x080065f4   0x00000018   Data   RW         4727    .data               mem.o
    0x20000068   0x0800660c   0x00000070   Data   RW         4800    .data               object.o
    0x200000d8   0x0800667c   0x00000018   Data   RW         4870    .data               scheduler.o
    0x200000f0   0x08006694   0x0000000c   Data   RW         5076    .data               timer.o
    0x200000fc   0x080066a0   0x00000010   Data   RW         5171    .data               cpuport.o
    0x2000010c   0x080066b0   0x00000004   Data   RW         5209    .data               mc_w.l(stdin.o)
    0x20000110   0x080066b4   0x00000004   Data   RW         5507    .data               mc_w.l(stdout.o)
    0x20000114        -       0x0000004d   Zero   RW         3175    .bss                bsp_key.o
    0x20000161   0x080066b8   0x00000003   PAD
    0x20000164        -       0x00000030   Zero   RW         3277    .bss                bsp_timer.o
    0x20000194        -       0x00001060   Zero   RW         3456    .bss                bsp_uart.o
    0x200011f4        -       0x00004000   Zero   RW         3695    .bss                board.o
    0x200051f4        -       0x00000081   Zero   RW         3977    .bss                shell.o
    0x20005275   0x080066b8   0x00000003   PAD
    0x20005278        -       0x00000188   Zero   RW         4182    .bss                idle.o
    0x20005400        -       0x00000080   Zero   RW         4554    .bss                kservice.o
    0x20005480        -       0x00000024   Zero   RW         4724    .bss                mem.o
    0x200054a4        -       0x00000100   Zero   RW         4868    .bss                scheduler.o
    0x200055a4   0x080066b8   0x00000004   PAD
    0x200055a8        -       0x00000400   Zero   RW            1    STACK               startup_stm32f429xx.o


==============================================================================

Image component sizes


      Code (inc. data)   RO Data    RW Data    ZI Data      Debug   Object Name

       150         18          0          0      16384       3602   board.o
       274         24          0          0          0       2248   bsp.o
       148         14         24          0          0       1629   bsp_gpio.o
       622         32         16          0         77       4946   bsp_key.o
        40         10          0          0          0        486   bsp_tim.o
       324         44          0         14         48      33379   bsp_timer.o
      1398        132          0          0       4192      12070   bsp_uart.o
        60         12          0          4          0       1161   clock.o
      2318        972        939          0          0      19403   cmd.o
       354        140        100          0          0       6152   components.o
       272         26          0          0          0        808   context_rvds.o
       352        166          0         16          0       3570   cpuport.o
       328         82         22          4        392       5070   idle.o
       670        144        471          0          0      30148   ipc.o
        84         18          0          1          0       1982   irq.o
      1866        224        290          8        128      10124   kservice.o
       100         20          0          4          0     725246   main.o
      2028        790        358         24         36       6756   mem.o
       916        180         59          0          0       7634   msh.o
       640        228        109        112          0       8701   object.o
       630        138         52         24        256       7898   scheduler.o
      1906        198        100         24        129      13040   shell.o
        36          8        428          0       1024        824   startup_stm32f429xx.o
       148         24          0          9          0       3347   stm32f4xx_hal.o
       338         22          0          0          0      31405   stm32f4xx_hal_cortex.o
       548         54          0          0          0       2245   stm32f4xx_hal_gpio.o
       156          6          0          0          0        874   stm32f4xx_hal_msp.o
       140         12          0          0          0       1256   stm32f4xx_hal_pwr_ex.o
      1732         84          0          0          0       5444   stm32f4xx_hal_rcc.o
       988          8          0          0          0       2347   stm32f4xx_hal_uart.o
        18          0          0          0          0       2643   stm32f4xx_it.o
       100         18         24          4          0       1119   system_stm32f4xx.o
      1288        370        185          0          0      14513   thread.o
       998        180         92         12          0      11262   timer.o

    ----------------------------------------------------------------------
     22006       4398       3306        268      22676     983332   Object Totals
         0          0         32          0          0          0   (incl. Generated)
        36          0          5          8         10          0   (incl. Padding)

    ----------------------------------------------------------------------

      Code (inc. data)   RO Data    RW Data    ZI Data      Debug   Library Member Name

         0          0          0          0          0          0   entry.o
         0          0          0          0          0          0   entry10a.o
         0          0          0          0          0          0   entry11a.o
         8          4          0          0          0          0   entry2.o
         4          0          0          0          0          0   entry5.o
         0          0          0          0          0          0   entry7b.o
         0          0          0          0          0          0   entry8b.o
         8          4          0          0          0          0   entry9a.o
         4          0          0          0          0         68   getc.o
        30          0          0          0          0          0   handlers.o
        36          8          0          0          0         68   init.o
        30          0          0          0          0         68   llshl.o
        32          0          0          0          0         68   llushr.o
        26          0          0          0          0         80   memcmp.o
        36          0          0          0          0         68   memcpya.o
        36          0          0          0          0        108   memseta.o
       246         10          0          0          0        176   printf2.o
         0          0          0          4          0          0   stdin.o
         0          0          0          4          0          0   stdout.o
        24          0          0          0          0         68   strcat.o
        18          0          0          0          0         68   strcpy.o
        14          0          0          0          0         68   strlen.o
        30          0          0          0          0         80   strncmp.o
        24          0          0          0          0         76   strncpy.o
        98          0          0          0          0         92   uldiv.o

    ----------------------------------------------------------------------
       708         26          0          8          0       1156   Library Totals
         4          0          0          0          0          0   (incl. Padding)

    ----------------------------------------------------------------------

      Code (inc. data)   RO Data    RW Data    ZI Data      Debug   Library Name

       704         26          0          8          0       1156   mc_w.l

    ----------------------------------------------------------------------
       708         26          0          8          0       1156   Library Totals

    ----------------------------------------------------------------------

==============================================================================


      Code (inc. data)   RO Data    RW Data    ZI Data      Debug   

     22714       4424       3306        276      22676     964420   Grand Totals
     22714       4424       3306        276      22676     964420   ELF Image Totals
     22714       4424       3306        276          0          0   ROM Totals

==============================================================================

    Total RO  Size (Code + RO Data)                26020 (  25.41kB)
    Total RW  Size (RW Data + ZI Data)             22952 (  22.41kB)
    Total ROM Size (Code + RO Data + RW Data)      26296 (  25.68kB)

==============================================================================

